Archive member included to satisfy reference by file (symbol)

c:/st/stm32cubeide_1.9.0/stm32cubeide/plugins/com.st.stm32cube.ide.mcu.externaltools.gnu-tools-for-stm32.10.3-2021.10.win32_1.0.0.202111181127/tools/bin/../lib/gcc/arm-none-eabi/10.3.1/../../../../arm-none-eabi/lib/thumb/v7e-m+fp/hard\libc_nano.a(lib_a-errno.o)
                              ./Core/Src/syscalls.o (__errno)
c:/st/stm32cubeide_1.9.0/stm32cubeide/plugins/com.st.stm32cube.ide.mcu.externaltools.gnu-tools-for-stm32.10.3-2021.10.win32_1.0.0.202111181127/tools/bin/../lib/gcc/arm-none-eabi/10.3.1/../../../../arm-none-eabi/lib/thumb/v7e-m+fp/hard\libc_nano.a(lib_a-exit.o)
                              c:/st/stm32cubeide_1.9.0/stm32cubeide/plugins/com.st.stm32cube.ide.mcu.externaltools.gnu-tools-for-stm32.10.3-2021.10.win32_1.0.0.202111181127/tools/bin/../lib/gcc/arm-none-eabi/10.3.1/../../../../arm-none-eabi/lib/thumb/v7e-m+fp/hard/crt0.o (exit)
c:/st/stm32cubeide_1.9.0/stm32cubeide/plugins/com.st.stm32cube.ide.mcu.externaltools.gnu-tools-for-stm32.10.3-2021.10.win32_1.0.0.202111181127/tools/bin/../lib/gcc/arm-none-eabi/10.3.1/../../../../arm-none-eabi/lib/thumb/v7e-m+fp/hard\libc_nano.a(lib_a-impure.o)
                              c:/st/stm32cubeide_1.9.0/stm32cubeide/plugins/com.st.stm32cube.ide.mcu.externaltools.gnu-tools-for-stm32.10.3-2021.10.win32_1.0.0.202111181127/tools/bin/../lib/gcc/arm-none-eabi/10.3.1/../../../../arm-none-eabi/lib/thumb/v7e-m+fp/hard\libc_nano.a(lib_a-exit.o) (_global_impure_ptr)
c:/st/stm32cubeide_1.9.0/stm32cubeide/plugins/com.st.stm32cube.ide.mcu.externaltools.gnu-tools-for-stm32.10.3-2021.10.win32_1.0.0.202111181127/tools/bin/../lib/gcc/arm-none-eabi/10.3.1/../../../../arm-none-eabi/lib/thumb/v7e-m+fp/hard\libc_nano.a(lib_a-init.o)
                              c:/st/stm32cubeide_1.9.0/stm32cubeide/plugins/com.st.stm32cube.ide.mcu.externaltools.gnu-tools-for-stm32.10.3-2021.10.win32_1.0.0.202111181127/tools/bin/../lib/gcc/arm-none-eabi/10.3.1/../../../../arm-none-eabi/lib/thumb/v7e-m+fp/hard/crt0.o (__libc_init_array)
c:/st/stm32cubeide_1.9.0/stm32cubeide/plugins/com.st.stm32cube.ide.mcu.externaltools.gnu-tools-for-stm32.10.3-2021.10.win32_1.0.0.202111181127/tools/bin/../lib/gcc/arm-none-eabi/10.3.1/../../../../arm-none-eabi/lib/thumb/v7e-m+fp/hard\libc_nano.a(lib_a-memcpy-stub.o)
                              ./Core/Src/LcdGraphics.o (memcpy)
c:/st/stm32cubeide_1.9.0/stm32cubeide/plugins/com.st.stm32cube.ide.mcu.externaltools.gnu-tools-for-stm32.10.3-2021.10.win32_1.0.0.202111181127/tools/bin/../lib/gcc/arm-none-eabi/10.3.1/../../../../arm-none-eabi/lib/thumb/v7e-m+fp/hard\libc_nano.a(lib_a-memset.o)
                              c:/st/stm32cubeide_1.9.0/stm32cubeide/plugins/com.st.stm32cube.ide.mcu.externaltools.gnu-tools-for-stm32.10.3-2021.10.win32_1.0.0.202111181127/tools/bin/../lib/gcc/arm-none-eabi/10.3.1/../../../../arm-none-eabi/lib/thumb/v7e-m+fp/hard/crt0.o (memset)
c:/st/stm32cubeide_1.9.0/stm32cubeide/plugins/com.st.stm32cube.ide.mcu.externaltools.gnu-tools-for-stm32.10.3-2021.10.win32_1.0.0.202111181127/tools/bin/../lib/gcc/arm-none-eabi/10.3.1/../../../../arm-none-eabi/lib/thumb/v7e-m+fp/hard\libc_nano.a(lib_a-rand.o)
                              ./Core/Src/TetrisGame.o (srand)
c:/st/stm32cubeide_1.9.0/stm32cubeide/plugins/com.st.stm32cube.ide.mcu.externaltools.gnu-tools-for-stm32.10.3-2021.10.win32_1.0.0.202111181127/tools/bin/../lib/gcc/arm-none-eabi/10.3.1/../../../../arm-none-eabi/lib/thumb/v7e-m+fp/hard\libc_nano.a(lib_a-sprintf.o)
                              ./Core/Src/TetrisEnterHighScore.o (sprintf)
c:/st/stm32cubeide_1.9.0/stm32cubeide/plugins/com.st.stm32cube.ide.mcu.externaltools.gnu-tools-for-stm32.10.3-2021.10.win32_1.0.0.202111181127/tools/bin/../lib/gcc/arm-none-eabi/10.3.1/../../../../arm-none-eabi/lib/thumb/v7e-m+fp/hard\libc_nano.a(lib_a-strlen.o)
                              ./Core/Src/LcdGraphics.o (strlen)
c:/st/stm32cubeide_1.9.0/stm32cubeide/plugins/com.st.stm32cube.ide.mcu.externaltools.gnu-tools-for-stm32.10.3-2021.10.win32_1.0.0.202111181127/tools/bin/../lib/gcc/arm-none-eabi/10.3.1/../../../../arm-none-eabi/lib/thumb/v7e-m+fp/hard\libc_nano.a(lib_a-strncpy.o)
                              ./Core/Src/lcd_pcd8544.o (strncpy)
c:/st/stm32cubeide_1.9.0/stm32cubeide/plugins/com.st.stm32cube.ide.mcu.externaltools.gnu-tools-for-stm32.10.3-2021.10.win32_1.0.0.202111181127/tools/bin/../lib/gcc/arm-none-eabi/10.3.1/../../../../arm-none-eabi/lib/thumb/v7e-m+fp/hard\libc_nano.a(lib_a-time.o)
                              ./Core/Src/main.o (time)
c:/st/stm32cubeide_1.9.0/stm32cubeide/plugins/com.st.stm32cube.ide.mcu.externaltools.gnu-tools-for-stm32.10.3-2021.10.win32_1.0.0.202111181127/tools/bin/../lib/gcc/arm-none-eabi/10.3.1/../../../../arm-none-eabi/lib/thumb/v7e-m+fp/hard\libc_nano.a(lib_a-assert.o)
[...]
Memory Configuration

Name             Origin             Length             Attributes
CCMRAM           0x0000000010000000 0x0000000000001000 xrw
RAM              0x0000000020000000 0x0000000000003000 xrw
FLASH            0x0000000008000000 0x0000000000010000 xr
*default*        0x0000000000000000 0xffffffffffffffff

Linker script and memory map

LOAD c:/st/stm32cubeide_1.9.0/stm32cubeide/plugins/com.st.stm32cube.ide.mcu.externaltools.gnu-tools-for-stm32.10.3-2021.10.win32_1.0.0.202111181127/tools/bin/../lib/gcc/arm-none-eabi/10.3.1/thumb/v7e-m+fp/hard/crti.o
LOAD c:/st/stm32cubeide_1.9.0/stm32cubeide/plugins/com.st.stm32cube.ide.mcu.externaltools.gnu-tools-for-stm32.10.3-2021.10.win32_1.0.0.202111181127/tools/bin/../lib/gcc/arm-none-eabi/10.3.1/thumb/v7e-m+fp/hard/crtbegin.o
LOAD c:/st/stm32cubeide_1.9.0/stm32cubeide/plugins/com.st.stm32cube.ide.mcu.externaltools.gnu-tools-for-stm32.10.3-2021.10.win32_1.0.0.202111181127/tools/bin/../lib/gcc/arm-none-eabi/10.3.1/../../../../arm-none-eabi/lib/thumb/v7e-m+fp/hard/crt0.o
LOAD ./Core/Src/AnalogStick.o
LOAD ./Core/Src/LcdGraphics.o
LOAD ./Core/Src/OS.o
LOAD ./Core/Src/TetrisAccumulatedPlaytime.o
LOAD ./Core/Src/TetrisCore.o
LOAD ./Core/Src/TetrisEnterHighScore.o
LOAD ./Core/Src/TetrisGame.o
LOAD ./Core/Src/TetrisHighScores.o
LOAD ./Core/Src/TetrisLevelSelectScreen.o
LOAD ./Core/Src/TetrisMain.o
LOAD ./Core/Src/TetrisPersistantData.o
LOAD ./Core/Src/TetrisPlayAgainScreen.o
LOAD ./Core/Src/lcd_pcd8544.o
LOAD ./Core/Src/lcd_pcd8544_ll.o
LOAD ./Core/Src/main.o
LOAD ./Core/Src/stm32f3xx_hal_msp.o
LOAD ./Core/Src/stm32f3xx_it.o
LOAD ./Core/Src/syscalls.o
LOAD ./Core/Src/sysmem.o
LOAD ./Core/Src/system_stm32f3xx.o
LOAD ./Core/Startup/startup_stm32f303k8tx.o
LOAD ./Drivers/STM32F3xx_HAL_Driver/Src/stm32f3xx_hal.o
LOAD ./Drivers/STM32F3xx_HAL_Driver/Src/stm32f3xx_hal_adc.o
LOAD ./Drivers/STM32F3xx_HAL_Driver/Src/stm32f3xx_hal_adc_ex.o
LOAD ./Drivers/STM32F3xx_HAL_Driver/Src/stm32f3xx_hal_cortex.o
LOAD ./Drivers/STM32F3xx_HAL_Driver/Src/stm32f3xx_hal_dma.o
LOAD ./Drivers/STM32F3xx_HAL_Driver/Src/stm32f3xx_hal_exti.o
LOAD ./Drivers/STM32F3xx_HAL_Driver/Src/stm32f3xx_hal_flash.o
LOAD ./Drivers/STM32F3xx_HAL_Driver/Src/stm32f3xx_hal_flash_ex.o
LOAD ./Drivers/STM32F3xx_HAL_Driver/Src/stm32f3xx_hal_gpio.o
LOAD ./Drivers/STM32F3xx_HAL_Driver/Src/stm32f3xx_hal_i2c.o
LOAD ./Drivers/STM32F3xx_HAL_Driver/Src/stm32f3xx_hal_i2c_ex.o
LOAD ./Drivers/STM32F3xx_HAL_Driver/Src/stm32f3xx_hal_pwr.o
LOAD ./Drivers/STM32F3xx_HAL_Driver/Src/stm32f3xx_hal_pwr_ex.o
LOAD ./Drivers/STM32F3xx_HAL_Driver/Src/stm32f3xx_hal_rcc.o
LOAD ./Drivers/STM32F3xx_HAL_Driver/Src/stm32f3xx_hal_rcc_ex.o
LOAD ./Drivers/STM32F3xx_HAL_Driver/Src/stm32f3xx_hal_spi.o
LOAD ./Drivers/STM32F3xx_HAL_Driver/Src/stm32f3xx_hal_spi_ex.o
LOAD ./Drivers/STM32F3xx_HAL_Driver/Src/stm32f3xx_hal_tim.o
LOAD ./Drivers/STM32F3xx_HAL_Driver/Src/stm32f3xx_hal_tim_ex.o
START GROUP
LOAD c:/st/stm32cubeide_1.9.0/stm32cubeide/plugins/com.st.stm32cube.ide.mcu.externaltools.gnu-tools-for-stm32.10.3-2021.10.win32_1.0.0.202111181127/tools/bin/../lib/gcc/arm-none-eabi/10.3.1/../../../../arm-none-eabi/lib/thumb/v7e-m+fp/hard\libc_nano.a
LOAD c:/st/stm32cubeide_1.9.0/stm32cubeide/plugins/com.st.stm32cube.ide.mcu.externaltools.gnu-tools-for-stm32.10.3-2021.10.win32_1.0.0.202111181127/tools/bin/../lib/gcc/arm-none-eabi/10.3.1/../../../../arm-none-eabi/lib/thumb/v7e-m+fp/hard\libm.a
END GROUP
START GROUP
LOAD c:/st/stm32cubeide_1.9.0/stm32cubeide/plugins/com.st.stm32cube.ide.mcu.externaltools.gnu-tools-for-stm32.10.3-2021.10.win32_1.0.0.202111181127/tools/bin/../lib/gcc/arm-none-eabi/10.3.1/thumb/v7e-m+fp/hard\libgcc.a
LOAD c:/st/stm32cubeide_1.9.0/stm32cubeide/plugins/com.st.stm32cube.ide.mcu.externaltools.gnu-tools-for-stm32.10.3-2021.10.win32_1.0.0.202111181127/tools/bin/../lib/gcc/arm-none-eabi/10.3.1/../../../../arm-none-eabi/lib/thumb/v7e-m+fp/hard\libc_nano.a
END GROUP
START GROUP
LOAD c:/st/stm32cubeide_1.9.0/stm32cubeide/plugins/com.st.stm32cube.ide.mcu.externaltools.gnu-tools-for-stm32.10.3-2021.10.win32_1.0.0.202111181127/tools/bin/../lib/gcc/arm-none-eabi/10.3.1/thumb/v7e-m+fp/hard\libgcc.a
LOAD c:/st/stm32cubeide_1.9.0/stm32cubeide/plugins/com.st.stm32cube.ide.mcu.externaltools.gnu-tools-for-stm32.10.3-2021.10.win32_1.0.0.202111181127/tools/bin/../lib/gcc/arm-none-eabi/10.3.1/../../../../arm-none-eabi/lib/thumb/v7e-m+fp/hard\libc_nano.a
LOAD c:/st/stm32cubeide_1.9.0/stm32cubeide/plugins/com.st.stm32cube.ide.mcu.externaltools.gnu-tools-for-stm32.10.3-2021.10.win32_1.0.0.202111181127/tools/bin/../lib/gcc/arm-none-eabi/10.3.1/../../../../arm-none-eabi/lib/thumb/v7e-m+fp/hard\libnosys.a
END GROUP
START GROUP
LOAD c:/st/stm32cubeide_1.9.0/stm32cubeide/plugins/com.st.stm32cube.ide.mcu.externaltools.gnu-tools-for-stm32.10.3-2021.10.win32_1.0.0.202111181127/tools/bin/../lib/gcc/arm-none-eabi/10.3.1/thumb/v7e-m+fp/hard\libgcc.a
LOAD c:/st/stm32cubeide_1.9.0/stm32cubeide/plugins/com.st.stm32cube.ide.mcu.externaltools.gnu-tools-for-stm32.10.3-2021.10.win32_1.0.0.202111181127/tools/bin/../lib/gcc/arm-none-eabi/10.3.1/../../../../arm-none-eabi/lib/thumb/v7e-m+fp/hard\libc_nano.a
LOAD c:/st/stm32cubeide_1.9.0/stm32cubeide/plugins/com.st.stm32cube.ide.mcu.externaltools.gnu-tools-for-stm32.10.3-2021.10.win32_1.0.0.202111181127/tools/bin/../lib/gcc/arm-none-eabi/10.3.1/../../../../arm-none-eabi/lib/thumb/v7e-m+fp/hard\libnosys.a
END GROUP
LOAD c:/st/stm32cubeide_1.9.0/stm32cubeide/plugins/com.st.stm32cube.ide.mcu.externaltools.gnu-tools-for-stm32.10.3-2021.10.win32_1.0.0.202111181127/tools/bin/../lib/gcc/arm-none-eabi/10.3.1/thumb/v7e-m+fp/hard/crtend.o
LOAD c:/st/stm32cubeide_1.9.0/stm32cubeide/plugins/com.st.stm32cube.ide.mcu.externaltools.gnu-tools-for-stm32.10.3-2021.10.win32_1.0.0.202111181127/tools/bin/../lib/gcc/arm-none-eabi/10.3.1/thumb/v7e-m+fp/hard/crtn.o
                0x0000000020003000                _estack = (ORIGIN (RAM) + LENGTH (RAM))
                0x0000000000000200                _Min_Heap_Size = 0x200
                0x0000000000000400                _Min_Stack_Size = 0x400

.isr_vector     0x0000000008000000      0x188
                0x0000000008000000                . = ALIGN (0x4)
 *(.isr_vector)
 .isr_vector    0x0000000008000000      0x188 ./Core/Startup/startup_stm32f303k8tx.o
                0x0000000008000000                g_pfnVectors
                0x0000000008000188                . = ALIGN (0x4)

.text           0x0000000008000190     0x7d78
                0x0000000008000190                . = ALIGN (0x4)
 *(.text)
 .text          0x0000000008000190       0x40 c:/st/stm32cubeide_1.9.0/stm32cubeide/plugins/com.st.stm32cube.ide.mcu.externaltools.gnu-tools-for-stm32.10.3-2021.10.win32_1.0.0.202111181127/tools/bin/../lib/gcc/arm-none-eabi/10.3.1/thumb/v7e-m+fp/hard/crtbegin.o
 .text          0x00000000080001d0       0x10 c:/st/stm32cubeide_1.9.0/stm32cubeide/plugins/com.st.stm32cube.ide.mcu.externaltools.gnu-tools-for-stm32.10.3-2021.10.win32_1.0.0.202111181127/tools/bin/../lib/gcc/arm-none-eabi/10.3.1/../../../../arm-none-eabi/lib/thumb/v7e-m+fp/hard\libc_nano.a(lib_a-strlen.o)
                0x00000000080001d0                strlen
 .text          0x00000000080001e0       0xa0 c:/st/stm32cubeide_1.9.0/stm32cubeide/plugins/com.st.stm32cube.ide.mcu.externaltools.gnu-tools-for-stm32.10.3-2021.10.win32_1.0.0.202111181127/tools/bin/../lib/gcc/arm-none-eabi/10.3.1/../../../../arm-none-eabi/lib/thumb/v7e-m+fp/hard\libc_nano.a(lib_a-memchr.o)
                0x00000000080001e0                memchr
 *(.text*)
 .text.ReadAnalogStickChange
                0x0000000008000280       0x98 ./Core/Src/AnalogStick.o
                0x0000000008000280                ReadAnalogStickChange
 .text.gfxClearFrameBuffer
                0x0000000008000318       0x18 ./Core/Src/LcdGraphics.o
                0x0000000008000318                gfxClearFrameBuffer
 .text.gfxPlotPixelInternal
                0x0000000008000330       0x74 ./Core/Src/LcdGraphics.o
                0x0000000008000330                gfxPlotPixelInternal
 .text.UpdateScreenRegionsToUpdate_FrameBufferRectCopiedToScreen
                0x00000000080003a4       0x78 ./Core/Src/LcdGraphics.o
                0x00000000080003a4                UpdateScreenRegionsToUpdate_FrameBufferRectCopiedToScreen
 .text.gfxDrawLineBresenhamLow
                0x000000000800041c       0xa8 ./Core/Src/LcdGraphics.o
                0x000000000800041c                gfxDrawLineBresenhamLow
 .text.gfxDrawLineBresenhamHigh
                0x00000000080004c4       0xa6 ./Core/Src/LcdGraphics.o
                0x00000000080004c4                gfxDrawLineBresenhamHigh
 .text.gfxDrawLine
                0x000000000800056a       0x8a ./Core/Src/LcdGraphics.o
                0x000000000800056a                gfxDrawLine
 .text.gfxFinishDrawing
                0x00000000080005f4       0xf8 ./Core/Src/LcdGraphics.o
                0x00000000080005f4                gfxFinishDrawing
 .text.gfxWriteBytes
                0x00000000080006ec       0x70 ./Core/Src/LcdGraphics.o
                0x00000000080006ec                gfxWriteBytes
 .text.gfxWriteTextLineToFrameBuffer
                0x000000000800075c       0xfc ./Core/Src/LcdGraphics.o
                0x000000000800075c                gfxWriteTextLineToFrameBuffer
 .text.gfxDrawAxisAlignedRect
                0x0000000008000858       0x56 ./Core/Src/LcdGraphics.o
                0x0000000008000858                gfxDrawAxisAlignedRect
 *fill*         0x00000000080008ae        0x2 
 .text.ClearUpdateRegions
                0x00000000080008b0       0x60 ./Core/Src/LcdGraphics.o
                0x00000000080008b0                ClearUpdateRegions
 .text.ClearScreen
                0x0000000008000910       0x64 ./Core/Src/LcdGraphics.o
                0x0000000008000910                ClearScreen
 .text.TetrisAccumulatedPlaytime_Load
                0x0000000008000974       0x28 ./Core/Src/TetrisAccumulatedPlaytime.o
                0x0000000008000974                TetrisAccumulatedPlaytime_Load
 .text.TetrisAccumulatedPlaytime_Save
                0x000000000800099c       0x30 ./Core/Src/TetrisAccumulatedPlaytime.o
                0x000000000800099c                TetrisAccumulatedPlaytime_Save
 .text.TetrisAccumulatedPlaytime_GetAccumulatedPlaytime
                0x00000000080009cc       0x18 ./Core/Src/TetrisAccumulatedPlaytime.o
                0x00000000080009cc                TetrisAccumulatedPlaytime_GetAccumulatedPlaytime
 .text.TetrisAccumulatedPlaytime_IncrementAccumulatedPlaytime
                0x00000000080009e4       0x28 ./Core/Src/TetrisAccumulatedPlaytime.o
                0x00000000080009e4                TetrisAccumulatedPlaytime_IncrementAccumulatedPlaytime
 .text.GetStateAtXY
                0x0000000008000a0c       0x40 ./Core/Src/TetrisCore.o
 .text.SetStateAtXY
                0x0000000008000a4c       0x74 ./Core/Src/TetrisCore.o
 .text.Tetris_DrawCurentPiece
                0x0000000008000ac0       0xc4 ./Core/Src/TetrisCore.o
 .text.Tetris_DrawNextPiece
                0x0000000008000b84       0xa0 ./Core/Src/TetrisCore.o
 .text.Tetris_DrawTetrisBoard
                0x0000000008000c24       0xf0 ./Core/Src/TetrisCore.o
                0x0000000008000c24                Tetris_DrawTetrisBoard
 .text.InitNewCurrentPiece
                0x0000000008000d14       0x3c ./Core/Src/TetrisCore.o
 .text.InitNewNextPiece
                0x0000000008000d50       0x3c ./Core/Src/TetrisCore.o
 .text.CopyNextPieceToCurrent
                0x0000000008000d8c       0x24 ./Core/Src/TetrisCore.o
 .text.Tetris_ResetTetrisBoard
                0x0000000008000db0       0x20 ./Core/Src/TetrisCore.o
                0x0000000008000db0                Tetris_ResetTetrisBoard
 .text.Tetris_Init
                0x0000000008000dd0       0x58 ./Core/Src/TetrisCore.o
                0x0000000008000dd0                Tetris_Init
 .text.IsBlockAllowedToBeHere
                0x0000000008000e28       0x6c ./Core/Src/TetrisCore.o
 .text.WriteCurrentPieceToGameBoardArray
                0x0000000008000e94       0x8c ./Core/Src/TetrisCore.o
 .text.IsMoveValid
                0x0000000008000f20       0x88 ./Core/Src/TetrisCore.o
 .text.CheckForAndClearLines
                0x0000000008000fa8       0x7c ./Core/Src/TetrisCore.o
 .text.Tetris_Rotate
                0x0000000008001024       0x4c ./Core/Src/TetrisCore.o
                0x0000000008001024                Tetris_Rotate
 .text.Tetris_MoveDown
                0x0000000008001070       0x8c ./Core/Src/TetrisCore.o
                0x0000000008001070                Tetris_MoveDown
 .text.Tetris_MoveLeft
                0x00000000080010fc       0x3c ./Core/Src/TetrisCore.o
                0x00000000080010fc                Tetris_MoveLeft
 .text.Tetris_MoveRight
                0x0000000008001138       0x3c ./Core/Src/TetrisCore.o
                0x0000000008001138                Tetris_MoveRight
 .text.DrawHighScoresToFrameBuffer
                0x0000000008001174       0x6c ./Core/Src/TetrisEnterHighScore.o
                0x0000000008001174                DrawHighScoresToFrameBuffer
 .text.TetrisEnterHighScore_Update
                0x00000000080011e0       0x38 ./Core/Src/TetrisEnterHighScore.o
                0x00000000080011e0                TetrisEnterHighScore_Update
 .text.TetrisEnterHighScore_OnEnter
                0x0000000008001218       0x8c ./Core/Src/TetrisEnterHighScore.o
                0x0000000008001218                TetrisEnterHighScore_OnEnter
 .text.TetrisEnterHighScore_OnExit
                0x00000000080012a4       0x20 ./Core/Src/TetrisEnterHighScore.o
                0x00000000080012a4                TetrisEnterHighScore_OnExit
 .text.GetRandomNumberBetweenZeroAndSix
                0x00000000080012c4       0x2c ./Core/Src/TetrisGame.o
 .text.DrawStationaryBlock
                0x00000000080012f0       0x3e ./Core/Src/TetrisGame.o
 *fill*         0x000000000800132e        0x2 
 .text.WriteLevelToFrameBuffer
                0x0000000008001330       0x34 ./Core/Src/TetrisGame.o
 .text.SetLevel
                0x0000000008001364       0x44 ./Core/Src/TetrisGame.o
 .text.OnLinesCleared
                0x00000000080013a8       0xb8 ./Core/Src/TetrisGame.o
 .text.OnGameOver
                0x0000000008001460        0xe ./Core/Src/TetrisGame.o
 *fill*         0x000000000800146e        0x2 
 .text.IncrementTetrisTimer
                0x0000000008001470       0x50 ./Core/Src/TetrisGame.o
 .text.WriteScoreToFrameBuffer
                0x00000000080014c0       0x30 ./Core/Src/TetrisGame.o
 .text.UpdateTetrisGame
                0x00000000080014f0       0xc4 ./Core/Src/TetrisGame.o
 .text.DrawTetrisGame
                0x00000000080015b4       0xa4 ./Core/Src/TetrisGame.o
 .text.InitCurrentLevelTetrisScores
                0x0000000008001658      0x10c ./Core/Src/TetrisGame.o
 .text.CheckForHighScore
                0x0000000008001764       0x24 ./Core/Src/TetrisGame.o
                0x0000000008001764                CheckForHighScore
 .text.TetrisGame_Update
                0x0000000008001788       0x38 ./Core/Src/TetrisGame.o
                0x0000000008001788                TetrisGame_Update
 .text.TetrisGame_Init
                0x00000000080017c0       0x40 ./Core/Src/TetrisGame.o
                0x00000000080017c0                TetrisGame_Init
 .text.TetrisGame_OnEnter
                0x0000000008001800       0x68 ./Core/Src/TetrisGame.o
                0x0000000008001800                TetrisGame_OnEnter
 .text.TetrisGame_OnExit
                0x0000000008001868       0x24 ./Core/Src/TetrisGame.o
                0x0000000008001868                TetrisGame_OnExit
 .text.SetHighScoreCellSize
                0x000000000800188c       0x3c ./Core/Src/TetrisHighScores.o
 .text.LoadHighScores
                0x00000000080018c8       0x78 ./Core/Src/TetrisHighScores.o
 .text.SaveSingleHighScore
                0x0000000008001940       0x58 ./Core/Src/TetrisHighScores.o
 .text.SaveHighScores
                0x0000000008001998       0x44 ./Core/Src/TetrisHighScores.o
 .text.TetrisHighScores_Load
                0x00000000080019dc       0x34 ./Core/Src/TetrisHighScores.o
                0x00000000080019dc                TetrisHighScores_Load
 .text.TetrisHighScores_IsNewHighScore
                0x0000000008001a10       0x40 ./Core/Src/TetrisHighScores.o
                0x0000000008001a10                TetrisHighScores_IsNewHighScore
 .text.TetrisHighScores_GetHighScoreAtIndex
                0x0000000008001a50       0x24 ./Core/Src/TetrisHighScores.o
                0x0000000008001a50                TetrisHighScores_GetHighScoreAtIndex
 .text.TetrisHighScores_Save
                0x0000000008001a74       0x34 ./Core/Src/TetrisHighScores.o
                0x0000000008001a74                TetrisHighScores_Save
 .text.TetrisLevelSelect_Update
                0x0000000008001aa8       0x16 ./Core/Src/TetrisLevelSelectScreen.o
                0x0000000008001aa8                TetrisLevelSelect_Update
 .text.TetrisLevelSelect_OnEnter
                0x0000000008001abe       0x18 ./Core/Src/TetrisLevelSelectScreen.o
                0x0000000008001abe                TetrisLevelSelect_OnEnter
 .text.TetrisLevelSelect_OnExit
                0x0000000008001ad6       0x18 ./Core/Src/TetrisLevelSelectScreen.o
                0x0000000008001ad6                TetrisLevelSelect_OnExit
 *fill*         0x0000000008001aee        0x2 
 .text.TetrisMain_SetStateMachineDataPointer
                0x0000000008001af0       0x20 ./Core/Src/TetrisMain.o
                0x0000000008001af0                TetrisMain_SetStateMachineDataPointer
 .text.TetrisMain_Init
                0x0000000008001b10       0xe8 ./Core/Src/TetrisMain.o
                0x0000000008001b10                TetrisMain_Init
 .text.TetrisMain_Update
                0x0000000008001bf8       0xf4 ./Core/Src/TetrisMain.o
                0x0000000008001bf8                TetrisMain_Update
 .text.TetrisPersistantData_LoadAllPeristantData
                0x0000000008001cec       0x24 ./Core/Src/TetrisPersistantData.o
                0x0000000008001cec                TetrisPersistantData_LoadAllPeristantData
 .text.TetrisPersistantData_SaveAllPersistantData
                0x0000000008001d10       0x44 ./Core/Src/TetrisPersistantData.o
                0x0000000008001d10                TetrisPersistantData_SaveAllPersistantData
 .text.TetrisPlayAgain_Update
                0x0000000008001d54       0x38 ./Core/Src/TetrisPlayAgainScreen.o
                0x0000000008001d54                TetrisPlayAgain_Update
 .text.TetrisPlayAgain_OnEnter
                0x0000000008001d8c       0x4c ./Core/Src/TetrisPlayAgainScreen.o
                0x0000000008001d8c                TetrisPlayAgain_OnEnter
 .text.TetrisPlayAgain_OnExit
                0x0000000008001dd8       0x20 ./Core/Src/TetrisPlayAgainScreen.o
                0x0000000008001dd8                TetrisPlayAgain_OnExit
 .text.LCD_PCD8544_init
                0x0000000008001df8       0x8c ./Core/Src/lcd_pcd8544.o
                0x0000000008001df8                LCD_PCD8544_init
 .text.LCD_PCD8544_write_bytes
                0x0000000008001e84       0x7a ./Core/Src/lcd_pcd8544.o
                0x0000000008001e84                LCD_PCD8544_write_bytes
 *fill*         0x0000000008001efe        0x2 
 .text.LCD_PCD8544_clear_ram
                0x0000000008001f00       0x28 ./Core/Src/lcd_pcd8544.o
                0x0000000008001f00                LCD_PCD8544_clear_ram
 .text.LCD_PCD8544_LL_send_data
                0x0000000008001f28       0x40 ./Core/Src/lcd_pcd8544_ll.o
                0x0000000008001f28                LCD_PCD8544_LL_send_data
 .text.LCD_PCD8544_LL_send_byte
                0x0000000008001f68       0x26 ./Core/Src/lcd_pcd8544_ll.o
                0x0000000008001f68                LCD_PCD8544_LL_send_byte
 .text.LCD_PCD8544_LL_set_function_set
                0x0000000008001f8e       0x60 ./Core/Src/lcd_pcd8544_ll.o
                0x0000000008001f8e                LCD_PCD8544_LL_set_function_set
 .text.LCD_PCD8544_LL_set_display_control
                0x0000000008001fee       0x46 ./Core/Src/lcd_pcd8544_ll.o
                0x0000000008001fee                LCD_PCD8544_LL_set_display_control
 .text.LCD_PCD8544_LL_set_YX_address_of_RAM
                0x0000000008002034       0x46 ./Core/Src/lcd_pcd8544_ll.o
                0x0000000008002034                LCD_PCD8544_LL_set_YX_address_of_RAM
 .text.LCD_PCD8544_LL_set_temperature_control
                0x000000000800207a       0x32 ./Core/Src/lcd_pcd8544_ll.o
                0x000000000800207a                LCD_PCD8544_LL_set_temperature_control
 .text.LCD_PCD8544_LL_set_bias_system
                0x00000000080020ac       0x32 ./Core/Src/lcd_pcd8544_ll.o
                0x00000000080020ac                LCD_PCD8544_LL_set_bias_system
 .text.LCD_PCD8544_LL_set_VOP
                0x00000000080020de       0x28 ./Core/Src/lcd_pcd8544_ll.o
                0x00000000080020de                LCD_PCD8544_LL_set_VOP
 .text.LCD_PCD8544_LL_reset
                0x0000000008002106       0x36 ./Core/Src/lcd_pcd8544_ll.o
                0x0000000008002106                LCD_PCD8544_LL_reset
 .text.LCD_PCD8544_LL_switch_to_commands_mode
                0x000000000800213c       0x20 ./Core/Src/lcd_pcd8544_ll.o
                0x000000000800213c                LCD_PCD8544_LL_switch_to_commands_mode
 .text.LCD_PCD8544_LL_switch_to_data_mode
                0x000000000800215c       0x20 ./Core/Src/lcd_pcd8544_ll.o
                0x000000000800215c                LCD_PCD8544_LL_switch_to_data_mode
 .text.LCD_PCD8544_LL_begin_data_transfer
                0x000000000800217c       0x20 ./Core/Src/lcd_pcd8544_ll.o
                0x000000000800217c                LCD_PCD8544_LL_begin_data_transfer
 .text.LCD_PCD8544_LL_end_data_transfer
                0x000000000800219c       0x20 ./Core/Src/lcd_pcd8544_ll.o
                0x000000000800219c                LCD_PCD8544_LL_end_data_transfer
 .text.main     0x00000000080021bc       0x88 ./Core/Src/main.o
                0x00000000080021bc                main
 .text.SystemClock_Config
                0x0000000008002244       0xb0 ./Core/Src/main.o
                0x0000000008002244                SystemClock_Config
 .text.MX_ADC2_Init
                0x00000000080022f4       0xdc ./Core/Src/main.o
 .text.MX_SPI1_Init
                0x00000000080023d0       0x7c ./Core/Src/main.o
 .text.MX_TIM2_Init
                0x000000000800244c       0xac ./Core/Src/main.o
 .text.MX_GPIO_Init
                0x00000000080024f8       0xf8 ./Core/Src/main.o
 .text.Error_Handler
                0x00000000080025f0        0xa ./Core/Src/main.o
                0x00000000080025f0                Error_Handler
 *fill*         0x00000000080025fa        0x2 
 .text.HAL_MspInit
                0x00000000080025fc       0x50 ./Core/Src/stm32f3xx_hal_msp.o
                0x00000000080025fc                HAL_MspInit
 .text.HAL_ADC_MspInit
                0x000000000800264c       0x7c ./Core/Src/stm32f3xx_hal_msp.o
                0x000000000800264c                HAL_ADC_MspInit
 .text.HAL_SPI_MspInit
                0x00000000080026c8       0xc0 ./Core/Src/stm32f3xx_hal_msp.o
                0x00000000080026c8                HAL_SPI_MspInit
 .text.HAL_TIM_PWM_MspInit
                0x0000000008002788       0x3c ./Core/Src/stm32f3xx_hal_msp.o
                0x0000000008002788                HAL_TIM_PWM_MspInit
 .text.NMI_Handler
                0x00000000080027c4        0x6 ./Core/Src/stm32f3xx_it.o
                0x00000000080027c4                NMI_Handler
 .text.HardFault_Handler
                0x00000000080027ca        0x6 ./Core/Src/stm32f3xx_it.o
                0x00000000080027ca                HardFault_Handler
 .text.MemManage_Handler
                0x00000000080027d0        0x6 ./Core/Src/stm32f3xx_it.o
                0x00000000080027d0                MemManage_Handler
 .text.BusFault_Handler
                0x00000000080027d6        0x6 ./Core/Src/stm32f3xx_it.o
                0x00000000080027d6                BusFault_Handler
 .text.UsageFault_Handler
                0x00000000080027dc        0x6 ./Core/Src/stm32f3xx_it.o
                0x00000000080027dc                UsageFault_Handler
 .text.SVC_Handler
                0x00000000080027e2        0xe ./Core/Src/stm32f3xx_it.o
                0x00000000080027e2                SVC_Handler
 .text.DebugMon_Handler
                0x00000000080027f0        0xe ./Core/Src/stm32f3xx_it.o
                0x00000000080027f0                DebugMon_Handler
 .text.PendSV_Handler
                0x00000000080027fe        0xe ./Core/Src/stm32f3xx_it.o
                0x00000000080027fe                PendSV_Handler
 .text.SysTick_Handler
                0x000000000800280c        0xc ./Core/Src/stm32f3xx_it.o
                0x000000000800280c                SysTick_Handler
 .text._getpid  0x0000000008002818       0x10 ./Core/Src/syscalls.o
                0x0000000008002818                _getpid
 .text._kill    0x0000000008002828       0x20 ./Core/Src/syscalls.o
                0x0000000008002828                _kill
 .text._exit    0x0000000008002848       0x14 ./Core/Src/syscalls.o
                0x0000000008002848                _exit
 .text._read    0x000000000800285c       0x3a ./Core/Src/syscalls.o
                0x000000000800285c                _read
 .text._write   0x0000000008002896       0x38 ./Core/Src/syscalls.o
                0x0000000008002896                _write
 .text._close   0x00000000080028ce       0x18 ./Core/Src/syscalls.o
                0x00000000080028ce                _close
 .text._fstat   0x00000000080028e6       0x20 ./Core/Src/syscalls.o
                0x00000000080028e6                _fstat
 .text._isatty  0x0000000008002906       0x16 ./Core/Src/syscalls.o
                0x0000000008002906                _isatty
 .text._lseek   0x000000000800291c       0x1a ./Core/Src/syscalls.o
                0x000000000800291c                _lseek
 *fill*         0x0000000008002936        0x2 
 .text._sbrk    0x0000000008002938       0x6c ./Core/Src/sysmem.o
                0x0000000008002938                _sbrk
 .text.SystemInit
                0x00000000080029a4       0x24 ./Core/Src/system_stm32f3xx.o
                0x00000000080029a4                SystemInit
 .text.Reset_Handler
                0x00000000080029c8       0x50 ./Core/Startup/startup_stm32f303k8tx.o
                0x00000000080029c8                Reset_Handler
 .text.Default_Handler
                0x0000000008002a18        0x2 ./Core/Startup/startup_stm32f303k8tx.o
                0x0000000008002a18                RTC_Alarm_IRQHandler
                0x0000000008002a18                TIM1_CC_IRQHandler
                0x0000000008002a18                PVD_IRQHandler
                0x0000000008002a18                TAMP_STAMP_IRQHandler
                0x0000000008002a18                EXTI3_IRQHandler
                0x0000000008002a18                EXTI0_IRQHandler
                0x0000000008002a18                FPU_IRQHandler
                0x0000000008002a18                CAN_TX_IRQHandler
                0x0000000008002a18                TIM1_UP_TIM16_IRQHandler
                0x0000000008002a18                ADC1_2_IRQHandler
                0x0000000008002a18                SPI1_IRQHandler
                0x0000000008002a18                CAN_SCE_IRQHandler
                0x0000000008002a18                DMA1_Channel4_IRQHandler
                0x0000000008002a18                USART3_IRQHandler
                0x0000000008002a18                DMA1_Channel7_IRQHandler
                0x0000000008002a18                TIM7_DAC2_IRQHandler
                0x0000000008002a18                CAN_RX1_IRQHandler
                0x0000000008002a18                I2C1_EV_IRQHandler
                0x0000000008002a18                DMA1_Channel6_IRQHandler
                0x0000000008002a18                TIM3_IRQHandler
                0x0000000008002a18                RCC_IRQHandler
                0x0000000008002a18                DMA1_Channel1_IRQHandler
                0x0000000008002a18                Default_Handler
                0x0000000008002a18                EXTI15_10_IRQHandler
                0x0000000008002a18                COMP2_IRQHandler
                0x0000000008002a18                TIM6_DAC1_IRQHandler
                0x0000000008002a18                EXTI9_5_IRQHandler
                0x0000000008002a18                RTC_WKUP_IRQHandler
                0x0000000008002a18                DMA1_Channel5_IRQHandler
                0x0000000008002a18                EXTI4_IRQHandler
                0x0000000008002a18                TIM1_TRG_COM_TIM17_IRQHandler
                0x0000000008002a18                DMA1_Channel3_IRQHandler
                0x0000000008002a18                WWDG_IRQHandler
                0x0000000008002a18                TIM2_IRQHandler
                0x0000000008002a18                EXTI1_IRQHandler
                0x0000000008002a18                COMP4_6_IRQHandler
                0x0000000008002a18                USART2_IRQHandler
                0x0000000008002a18                DMA1_Channel2_IRQHandler
                0x0000000008002a18                FLASH_IRQHandler
                0x0000000008002a18                USART1_IRQHandler
                0x0000000008002a18                CAN_RX0_IRQHandler
                0x0000000008002a18                I2C1_ER_IRQHandler
                0x0000000008002a18                EXTI2_TSC_IRQHandler
                0x0000000008002a18                TIM1_BRK_TIM15_IRQHandler
 *fill*         0x0000000008002a1a        0x2 
 .text.HAL_Init
                0x0000000008002a1c       0x2c ./Drivers/STM32F3xx_HAL_Driver/Src/stm32f3xx_hal.o
                0x0000000008002a1c                HAL_Init
 .text.HAL_InitTick
                0x0000000008002a48       0x60 ./Drivers/STM32F3xx_HAL_Driver/Src/stm32f3xx_hal.o
                0x0000000008002a48                HAL_InitTick
 .text.HAL_IncTick
                0x0000000008002aa8       0x28 ./Drivers/STM32F3xx_HAL_Driver/Src/stm32f3xx_hal.o
                0x0000000008002aa8                HAL_IncTick
 .text.HAL_GetTick
                0x0000000008002ad0       0x18 ./Drivers/STM32F3xx_HAL_Driver/Src/stm32f3xx_hal.o
                0x0000000008002ad0                HAL_GetTick
 .text.HAL_Delay
                0x0000000008002ae8       0x48 ./Drivers/STM32F3xx_HAL_Driver/Src/stm32f3xx_hal.o
                0x0000000008002ae8                HAL_Delay
 .text.HAL_ADC_Init
                0x0000000008002b30      0x324 ./Drivers/STM32F3xx_HAL_Driver/Src/stm32f3xx_hal_adc_ex.o
                0x0000000008002b30                HAL_ADC_Init
 .text.HAL_ADC_Start
                0x0000000008002e54      0x16c ./Drivers/STM32F3xx_HAL_Driver/Src/stm32f3xx_hal_adc_ex.o
                0x0000000008002e54                HAL_ADC_Start
 .text.HAL_ADC_PollForConversion
                0x0000000008002fc0      0x19c ./Drivers/STM32F3xx_HAL_Driver/Src/stm32f3xx_hal_adc_ex.o
                0x0000000008002fc0                HAL_ADC_PollForConversion
 .text.HAL_ADC_GetValue
                0x000000000800315c       0x1a ./Drivers/STM32F3xx_HAL_Driver/Src/stm32f3xx_hal_adc_ex.o
                0x000000000800315c                HAL_ADC_GetValue
 .text.HAL_ADCEx_Calibration_Start
                0x0000000008003176       0xe4 ./Drivers/STM32F3xx_HAL_Driver/Src/stm32f3xx_hal_adc_ex.o
                0x0000000008003176                HAL_ADCEx_Calibration_Start
 *fill*         0x000000000800325a        0x2 
 .text.HAL_ADC_ConfigChannel
                0x000000000800325c      0x580 ./Drivers/STM32F3xx_HAL_Driver/Src/stm32f3xx_hal_adc_ex.o
                0x000000000800325c                HAL_ADC_ConfigChannel
 .text.ADC_Enable
                0x00000000080037dc       0xc8 ./Drivers/STM32F3xx_HAL_Driver/Src/stm32f3xx_hal_adc_ex.o
 .text.ADC_Disable
                0x00000000080038a4       0xcc ./Drivers/STM32F3xx_HAL_Driver/Src/stm32f3xx_hal_adc_ex.o
 .text.__NVIC_SetPriorityGrouping
                0x0000000008003970       0x48 ./Drivers/STM32F3xx_HAL_Driver/Src/stm32f3xx_hal_cortex.o
 .text.__NVIC_GetPriorityGrouping
                0x00000000080039b8       0x1c ./Drivers/STM32F3xx_HAL_Driver/Src/stm32f3xx_hal_cortex.o
 .text.__NVIC_SetPriority
                0x00000000080039d4       0x54 ./Drivers/STM32F3xx_HAL_Driver/Src/stm32f3xx_hal_cortex.o
 .text.NVIC_EncodePriority
                0x0000000008003a28       0x66 ./Drivers/STM32F3xx_HAL_Driver/Src/stm32f3xx_hal_cortex.o
 *fill*         0x0000000008003a8e        0x2 
 .text.SysTick_Config
                0x0000000008003a90       0x44 ./Drivers/STM32F3xx_HAL_Driver/Src/stm32f3xx_hal_cortex.o
 .text.HAL_NVIC_SetPriorityGrouping
                0x0000000008003ad4       0x16 ./Drivers/STM32F3xx_HAL_Driver/Src/stm32f3xx_hal_cortex.o
                0x0000000008003ad4                HAL_NVIC_SetPriorityGrouping
 .text.HAL_NVIC_SetPriority
                0x0000000008003aea       0x38 ./Drivers/STM32F3xx_HAL_Driver/Src/stm32f3xx_hal_cortex.o
                0x0000000008003aea                HAL_NVIC_SetPriority
 .text.HAL_SYSTICK_Config
                0x0000000008003b22       0x18 ./Drivers/STM32F3xx_HAL_Driver/Src/stm32f3xx_hal_cortex.o
                0x0000000008003b22                HAL_SYSTICK_Config
 *fill*         0x0000000008003b3a        0x2 
 .text.HAL_FLASH_Program
                0x0000000008003b3c       0xe0 ./Drivers/STM32F3xx_HAL_Driver/Src/stm32f3xx_hal_flash.o
                0x0000000008003b3c                HAL_FLASH_Program
 .text.HAL_FLASH_Unlock
                0x0000000008003c1c       0x4c ./Drivers/STM32F3xx_HAL_Driver/Src/stm32f3xx_hal_flash.o
                0x0000000008003c1c                HAL_FLASH_Unlock
 .text.HAL_FLASH_Lock
                0x0000000008003c68       0x20 ./Drivers/STM32F3xx_HAL_Driver/Src/stm32f3xx_hal_flash.o
                0x0000000008003c68                HAL_FLASH_Lock
 .text.FLASH_Program_HalfWord
                0x0000000008003c88       0x38 ./Drivers/STM32F3xx_HAL_Driver/Src/stm32f3xx_hal_flash.o
 .text.FLASH_WaitForLastOperation
                0x0000000008003cc0       0x80 ./Drivers/STM32F3xx_HAL_Driver/Src/stm32f3xx_hal_flash.o
                0x0000000008003cc0                FLASH_WaitForLastOperation
 .text.FLASH_SetErrorCode
                0x0000000008003d40       0x64 ./Drivers/STM32F3xx_HAL_Driver/Src/stm32f3xx_hal_flash.o
 .text.HAL_FLASHEx_Erase
                0x0000000008003da4       0xd4 ./Drivers/STM32F3xx_HAL_Driver/Src/stm32f3xx_hal_flash_ex.o
                0x0000000008003da4                HAL_FLASHEx_Erase
 .text.FLASH_MassErase
                0x0000000008003e78       0x34 ./Drivers/STM32F3xx_HAL_Driver/Src/stm32f3xx_hal_flash_ex.o
 .text.FLASH_PageErase
                0x0000000008003eac       0x40 ./Drivers/STM32F3xx_HAL_Driver/Src/stm32f3xx_hal_flash_ex.o
                0x0000000008003eac                FLASH_PageErase
 .text.HAL_GPIO_Init
                0x0000000008003eec      0x2e4 ./Drivers/STM32F3xx_HAL_Driver/Src/stm32f3xx_hal_gpio.o
                0x0000000008003eec                HAL_GPIO_Init
 .text.HAL_GPIO_ReadPin
                0x00000000080041d0       0x30 ./Drivers/STM32F3xx_HAL_Driver/Src/stm32f3xx_hal_gpio.o
                0x00000000080041d0                HAL_GPIO_ReadPin
 .text.HAL_GPIO_WritePin
                0x0000000008004200       0x30 ./Drivers/STM32F3xx_HAL_Driver/Src/stm32f3xx_hal_gpio.o
                0x0000000008004200                HAL_GPIO_WritePin
 .text.HAL_RCC_OscConfig
                0x0000000008004230     0x107c ./Drivers/STM32F3xx_HAL_Driver/Src/stm32f3xx_hal_rcc.o
                0x0000000008004230                HAL_RCC_OscConfig
 .text.HAL_RCC_ClockConfig
                0x00000000080052ac      0x2f8 ./Drivers/STM32F3xx_HAL_Driver/Src/stm32f3xx_hal_rcc.o
                0x00000000080052ac                HAL_RCC_ClockConfig
 .text.HAL_RCC_GetSysClockFreq
                0x00000000080055a4       0xd4 ./Drivers/STM32F3xx_HAL_Driver/Src/stm32f3xx_hal_rcc.o
                0x00000000080055a4                HAL_RCC_GetSysClockFreq
 .text.HAL_RCCEx_PeriphCLKConfig
                0x0000000008005678      0x24c ./Drivers/STM32F3xx_HAL_Driver/Src/stm32f3xx_hal_rcc_ex.o
                0x0000000008005678                HAL_RCCEx_PeriphCLKConfig
 .text.HAL_SPI_Init
                0x00000000080058c4      0x146 ./Drivers/STM32F3xx_HAL_Driver/Src/stm32f3xx_hal_spi.o
                0x00000000080058c4                HAL_SPI_Init
 .text.HAL_SPI_Transmit
                0x0000000008005a0a      0x2dc ./Drivers/STM32F3xx_HAL_Driver/Src/stm32f3xx_hal_spi.o
                0x0000000008005a0a                HAL_SPI_Transmit
 *fill*         0x0000000008005ce6        0x2 
 .text.SPI_WaitFlagStateUntilTimeout
                0x0000000008005ce8      0x110 ./Drivers/STM32F3xx_HAL_Driver/Src/stm32f3xx_hal_spi.o
 .text.SPI_WaitFifoStateUntilTimeout
                0x0000000008005df8      0x12c ./Drivers/STM32F3xx_HAL_Driver/Src/stm32f3xx_hal_spi.o
 .text.SPI_EndRxTxTransaction
                0x0000000008005f24       0x8c ./Drivers/STM32F3xx_HAL_Driver/Src/stm32f3xx_hal_spi.o
 .text.HAL_TIM_PWM_Init
                0x0000000008005fb0       0xae ./Drivers/STM32F3xx_HAL_Driver/Src/stm32f3xx_hal_tim.o
                0x0000000008005fb0                HAL_TIM_PWM_Init
 *fill*         0x000000000800605e        0x2 
 .text.HAL_TIM_PWM_ConfigChannel
                0x0000000008006060      0x228 ./Drivers/STM32F3xx_HAL_Driver/Src/stm32f3xx_hal_tim.o
                0x0000000008006060                HAL_TIM_PWM_ConfigChannel
 .text.TIM_Base_SetConfig
                0x0000000008006288       0xf0 ./Drivers/STM32F3xx_HAL_Driver/Src/stm32f3xx_hal_tim.o
                0x0000000008006288                TIM_Base_SetConfig
 .text.TIM_OC1_SetConfig
                0x0000000008006378      0x10c ./Drivers/STM32F3xx_HAL_Driver/Src/stm32f3xx_hal_tim.o
 .text.TIM_OC2_SetConfig
                0x0000000008006484      0x100 ./Drivers/STM32F3xx_HAL_Driver/Src/stm32f3xx_hal_tim.o
                0x0000000008006484                TIM_OC2_SetConfig
 .text.TIM_OC3_SetConfig
                0x0000000008006584       0xfc ./Drivers/STM32F3xx_HAL_Driver/Src/stm32f3xx_hal_tim.o
 .text.TIM_OC4_SetConfig
                0x0000000008006680       0xc8 ./Drivers/STM32F3xx_HAL_Driver/Src/stm32f3xx_hal_tim.o
 .text.TIM_OC5_SetConfig
                0x0000000008006748       0xbc ./Drivers/STM32F3xx_HAL_Driver/Src/stm32f3xx_hal_tim.o
 .text.TIM_OC6_SetConfig
                0x0000000008006804       0xc0 ./Drivers/STM32F3xx_HAL_Driver/Src/stm32f3xx_hal_tim.o
 .text.HAL_TIMEx_MasterConfigSynchronization
                0x00000000080068c4       0xdc ./Drivers/STM32F3xx_HAL_Driver/Src/stm32f3xx_hal_tim_ex.o
                0x00000000080068c4                HAL_TIMEx_MasterConfigSynchronization
 .text.__errno  0x00000000080069a0        0xc c:/st/stm32cubeide_1.9.0/stm32cubeide/plugins/com.st.stm32cube.ide.mcu.externaltools.gnu-tools-for-stm32.10.3-2021.10.win32_1.0.0.202111181127/tools/bin/../lib/gcc/arm-none-eabi/10.3.1/../../../../arm-none-eabi/lib/thumb/v7e-m+fp/hard\libc_nano.a(lib_a-errno.o)
                0x00000000080069a0                __errno
 .text.__libc_init_array
                0x00000000080069ac       0x48 c:/st/stm32cubeide_1.9.0/stm32cubeide/plugins/com.st.stm32cube.ide.mcu.externaltools.gnu-tools-for-stm32.10.3-2021.10.win32_1.0.0.202111181127/tools/bin/../lib/gcc/arm-none-eabi/10.3.1/../../../../arm-none-eabi/lib/thumb/v7e-m+fp/hard\libc_nano.a(lib_a-init.o)
                0x00000000080069ac                __libc_init_array
 .text.memcpy   0x00000000080069f4       0x1c c:/st/stm32cubeide_1.9.0/stm32cubeide/plugins/com.st.stm32cube.ide.mcu.externaltools.gnu-tools-for-stm32.10.3-2021.10.win32_1.0.0.202111181127/tools/bin/../lib/gcc/arm-none-eabi/10.3.1/../../../../arm-none-eabi/lib/thumb/v7e-m+fp/hard\libc_nano.a(lib_a-memcpy-stub.o)
                0x00000000080069f4                memcpy
 .text.memset   0x0000000008006a10       0x10 c:/st/stm32cubeide_1.9.0/stm32cubeide/plugins/com.st.stm32cube.ide.mcu.externaltools.gnu-tools-for-stm32.10.3-2021.10.win32_1.0.0.202111181127/tools/bin/../lib/gcc/arm-none-eabi/10.3.1/../../../../arm-none-eabi/lib/thumb/v7e-m+fp/hard\libc_nano.a(lib_a-memset.o)
                0x0000000008006a10                memset
 .text.srand    0x0000000008006a20       0x5c c:/st/stm32cubeide_1.9.0/stm32cubeide/plugins/com.st.stm32cube.ide.mcu.externaltools.gnu-tools-for-stm32.10.3-2021.10.win32_1.0.0.202111181127/tools/bin/../lib/gcc/arm-none-eabi/10.3.1/../../../../arm-none-eabi/lib/thumb/v7e-m+fp/hard\libc_nano.a(lib_a-rand.o)
                0x0000000008006a20                srand
 .text.rand     0x0000000008006a7c       0x7c c:/st/stm32cubeide_1.9.0/stm32cubeide/plugins/com.st.stm32cube.ide.mcu.externaltools.gnu-tools-for-stm32.10.3-2021.10.win32_1.0.0.202111181127/tools/bin/../lib/gcc/arm-none-eabi/10.3.1/../../../../arm-none-eabi/lib/thumb/v7e-m+fp/hard\libc_nano.a(lib_a-rand.o)
                0x0000000008006a7c                rand
 .text.sprintf  0x0000000008006af8       0x40 c:/st/stm32cubeide_1.9.0/stm32cubeide/plugins/com.st.stm32cube.ide.mcu.externaltools.gnu-tools-for-stm32.10.3-2021.10.win32_1.0.0.202111181127/tools/bin/../lib/gcc/arm-none-eabi/10.3.1/../../../../arm-none-eabi/lib/thumb/v7e-m+fp/hard\libc_nano.a(lib_a-sprintf.o)
                0x0000000008006af8                siprintf
                0x0000000008006af8                sprintf
 .text.time     0x0000000008006b38       0x34 c:/st/stm32cubeide_1.9.0/stm32cubeide/plugins/com.st.stm32cube.ide.mcu.externaltools.gnu-tools-for-stm32.10.3-2021.10.win32_1.0.0.202111181127/tools/bin/../lib/gcc/arm-none-eabi/10.3.1/../../../../arm-none-eabi/lib/thumb/v7e-m+fp/hard\libc_nano.a(lib_a-time.o)
                0x0000000008006b38                time
 .text.__assert_func
                0x0000000008006b6c       0x3c c:/st/stm32cubeide_1.9.0/stm32cubeide/plugins/com.st.stm32cube.ide.mcu.externaltools.gnu-tools-for-stm32.10.3-2021.10.win32_1.0.0.202111181127/tools/bin/../lib/gcc/arm-none-eabi/10.3.1/../../../../arm-none-eabi/lib/thumb/v7e-m+fp/hard\libc_nano.a(lib_a-assert.o)
                0x0000000008006b6c                __assert_func
 .text.fprintf  0x0000000008006ba8       0x24 c:/st/stm32cubeide_1.9.0/stm32cubeide/plugins/com.st.stm32cube.ide.mcu.externaltools.gnu-tools-for-stm32.10.3-2021.10.win32_1.0.0.202111181127/tools/bin/../lib/gcc/arm-none-eabi/10.3.1/../../../../arm-none-eabi/lib/thumb/v7e-m+fp/hard\libc_nano.a(lib_a-fprintf.o)
                0x0000000008006ba8                fiprintf
                0x0000000008006ba8                fprintf
 .text._gettimeofday_r
                0x0000000008006bcc       0x24 c:/st/stm32cubeide_1.9.0/stm32cubeide/plugins/com.st.stm32cube.ide.mcu.externaltools.gnu-tools-for-stm32.10.3-2021.10.win32_1.0.0.202111181127/tools/bin/../lib/gcc/arm-none-eabi/10.3.1/../../../../arm-none-eabi/lib/thumb/v7e-m+fp/hard\libc_nano.a(lib_a-gettimeofdayr.o)
                0x0000000008006bcc                _gettimeofday_r
 .text.malloc   0x0000000008006bf0       0x10 c:/st/stm32cubeide_1.9.0/stm32cubeide/plugins/com.st.stm32cube.ide.mcu.externaltools.gnu-tools-for-stm32.10.3-2021.10.win32_1.0.0.202111181127/tools/bin/../lib/gcc/arm-none-eabi/10.3.1/../../../../arm-none-eabi/lib/thumb/v7e-m+fp/hard\libc_nano.a(lib_a-malloc.o)
                0x0000000008006bf0                malloc
 .text._free_r  0x0000000008006c00       0x98 c:/st/stm32cubeide_1.9.0/stm32cubeide/plugins/com.st.stm32cube.ide.mcu.externaltools.gnu-tools-for-stm32.10.3-2021.10.win32_1.0.0.202111181127/tools/bin/../lib/gcc/arm-none-eabi/10.3.1/../../../../arm-none-eabi/lib/thumb/v7e-m+fp/hard\libc_nano.a(lib_a-nano-freer.o)
                0x0000000008006c00                _free_r
 .text.sbrk_aligned
                0x0000000008006c98       0x40 c:/st/stm32cubeide_1.9.0/stm32cubeide/plugins/com.st.stm32cube.ide.mcu.externaltools.gnu-tools-for-stm32.10.3-2021.10.win32_1.0.0.202111181127/tools/bin/../lib/gcc/arm-none-eabi/10.3.1/../../../../arm-none-eabi/lib/thumb/v7e-m+fp/hard\libc_nano.a(lib_a-nano-mallocr.o)
 .text._malloc_r
                0x0000000008006cd8       0xe8 c:/st/stm32cubeide_1.9.0/stm32cubeide/plugins/com.st.stm32cube.ide.mcu.externaltools.gnu-tools-for-stm32.10.3-2021.10.win32_1.0.0.202111181127/tools/bin/../lib/gcc/arm-none-eabi/10.3.1/../../../../arm-none-eabi/lib/thumb/v7e-m+fp/hard\libc_nano.a(lib_a-nano-mallocr.o)
                0x0000000008006cd8                _malloc_r
 .text.__ssputs_r
                0x0000000008006dc0       0xb6 c:/st/stm32cubeide_1.9.0/stm32cubeide/plugins/com.st.stm32cube.ide.mcu.externaltools.gnu-tools-for-stm32.10.3-2021.10.win32_1.0.0.202111181127/tools/bin/../lib/gcc/arm-none-eabi/10.3.1/../../../../arm-none-eabi/lib/thumb/v7e-m+fp/hard\libc_nano.a(lib_a-nano-svfprintf.o)
                0x0000000008006dc0                __ssputs_r
 *fill*         0x0000000008006e76        0x2 
 .text._svfprintf_r
                0x0000000008006e78      0x200 c:/st/stm32cubeide_1.9.0/stm32cubeide/plugins/com.st.stm32cube.ide.mcu.externaltools.gnu-tools-for-stm32.10.3-2021.10.win32_1.0.0.202111181127/tools/bin/../lib/gcc/arm-none-eabi/10.3.1/../../../../arm-none-eabi/lib/thumb/v7e-m+fp/hard\libc_nano.a(lib_a-nano-svfprintf.o)
                0x0000000008006e78                _svfiprintf_r
                0x0000000008006e78                _svfprintf_r
 .text.__sfputc_r
                0x0000000008007078       0x2e c:/st/stm32cubeide_1.9.0/stm32cubeide/plugins/com.st.stm32cube.ide.mcu.externaltools.gnu-tools-for-stm32.10.3-2021.10.win32_1.0.0.202111181127/tools/bin/../lib/gcc/arm-none-eabi/10.3.1/../../../../arm-none-eabi/lib/thumb/v7e-m+fp/hard\libc_nano.a(lib_a-nano-vfprintf.o)
 .text.__sfputs_r
                0x00000000080070a6       0x24 c:/st/stm32cubeide_1.9.0/stm32cubeide/plugins/com.st.stm32cube.ide.mcu.externaltools.gnu-tools-for-stm32.10.3-2021.10.win32_1.0.0.202111181127/tools/bin/../lib/gcc/arm-none-eabi/10.3.1/../../../../arm-none-eabi/lib/thumb/v7e-m+fp/hard\libc_nano.a(lib_a-nano-vfprintf.o)
                0x00000000080070a6                __sfputs_r
 *fill*         0x00000000080070ca        0x2 
 .text._vfprintf_r
                0x00000000080070cc      0x260 c:/st/stm32cubeide_1.9.0/stm32cubeide/plugins/com.st.stm32cube.ide.mcu.externaltools.gnu-tools-for-stm32.10.3-2021.10.win32_1.0.0.202111181127/tools/bin/../lib/gcc/arm-none-eabi/10.3.1/../../../../arm-none-eabi/lib/thumb/v7e-m+fp/hard\libc_nano.a(lib_a-nano-vfprintf.o)
                0x00000000080070cc                _vfprintf_r
                0x00000000080070cc                _vfiprintf_r
 .text._printf_common
                0x000000000800732c       0xda c:/st/stm32cubeide_1.9.0/stm32cubeide/plugins/com.st.stm32cube.ide.mcu.externaltools.gnu-tools-for-stm32.10.3-2021.10.win32_1.0.0.202111181127/tools/bin/../lib/gcc/arm-none-eabi/10.3.1/../../../../arm-none-eabi/lib/thumb/v7e-m+fp/hard\libc_nano.a(lib_a-nano-vfprintf_i.o)
                0x000000000800732c                _printf_common
 *fill*         0x0000000008007406        0x2 
 .text._printf_i
                0x0000000008007408      0x24c c:/st/stm32cubeide_1.9.0/stm32cubeide/plugins/com.st.stm32cube.ide.mcu.externaltools.gnu-tools-for-stm32.10.3-2021.10.win32_1.0.0.202111181127/tools/bin/../lib/gcc/arm-none-eabi/10.3.1/../../../../arm-none-eabi/lib/thumb/v7e-m+fp/hard\libc_nano.a(lib_a-nano-vfprintf_i.o)
                0x0000000008007408                _printf_i
 .text._sbrk_r  0x0000000008007654       0x20 c:/st/stm32cubeide_1.9.0/stm32cubeide/plugins/com.st.stm32cube.ide.mcu.externaltools.gnu-tools-for-stm32.10.3-2021.10.win32_1.0.0.202111181127/tools/bin/../lib/gcc/arm-none-eabi/10.3.1/../../../../arm-none-eabi/lib/thumb/v7e-m+fp/hard\libc_nano.a(lib_a-sbrkr.o)
                0x0000000008007654                _sbrk_r
 .text.__swbuf_r
                0x0000000008007674       0xa4 c:/st/stm32cubeide_1.9.0/stm32cubeide/plugins/com.st.stm32cube.ide.mcu.externaltools.gnu-tools-for-stm32.10.3-2021.10.win32_1.0.0.202111181127/tools/bin/../lib/gcc/arm-none-eabi/10.3.1/../../../../arm-none-eabi/lib/thumb/v7e-m+fp/hard\libc_nano.a(lib_a-wbuf.o)
                0x0000000008007674                __swbuf_r
 .text.__swsetup_r
                0x0000000008007718       0xdc c:/st/stm32cubeide_1.9.0/stm32cubeide/plugins/com.st.stm32cube.ide.mcu.externaltools.gnu-tools-for-stm32.10.3-2021.10.win32_1.0.0.202111181127/tools/bin/../lib/gcc/arm-none-eabi/10.3.1/../../../../arm-none-eabi/lib/thumb/v7e-m+fp/hard\libc_nano.a(lib_a-wsetup.o)
                0x0000000008007718                __swsetup_r
 .text.abort    0x00000000080077f4        0xe c:/st/stm32cubeide_1.9.0/stm32cubeide/plugins/com.st.stm32cube.ide.mcu.externaltools.gnu-tools-for-stm32.10.3-2021.10.win32_1.0.0.202111181127/tools/bin/../lib/gcc/arm-none-eabi/10.3.1/../../../../arm-none-eabi/lib/thumb/v7e-m+fp/hard\libc_nano.a(lib_a-abort.o)
                0x00000000080077f4                abort
 *fill*         0x0000000008007802        0x2 
 .text.__sflush_r
                0x0000000008007804      0x10c c:/st/stm32cubeide_1.9.0/stm32cubeide/plugins/com.st.stm32cube.ide.mcu.externaltools.gnu-tools-for-stm32.10.3-2021.10.win32_1.0.0.202111181127/tools/bin/../lib/gcc/arm-none-eabi/10.3.1/../../../../arm-none-eabi/lib/thumb/v7e-m+fp/hard\libc_nano.a(lib_a-fflush.o)
                0x0000000008007804                __sflush_r
 .text._fflush_r
                0x0000000008007910       0x78 c:/st/stm32cubeide_1.9.0/stm32cubeide/plugins/com.st.stm32cube.ide.mcu.externaltools.gnu-tools-for-stm32.10.3-2021.10.win32_1.0.0.202111181127/tools/bin/../lib/gcc/arm-none-eabi/10.3.1/../../../../arm-none-eabi/lib/thumb/v7e-m+fp/hard\libc_nano.a(lib_a-fflush.o)
                0x0000000008007910                _fflush_r
 .text.std      0x0000000008007988       0x48 c:/st/stm32cubeide_1.9.0/stm32cubeide/plugins/com.st.stm32cube.ide.mcu.externaltools.gnu-tools-for-stm32.10.3-2021.10.win32_1.0.0.202111181127/tools/bin/../lib/gcc/arm-none-eabi/10.3.1/../../../../arm-none-eabi/lib/thumb/v7e-m+fp/hard\libc_nano.a(lib_a-findfp.o)
 .text._cleanup_r
                0x00000000080079d0        0xc c:/st/stm32cubeide_1.9.0/stm32cubeide/plugins/com.st.stm32cube.ide.mcu.externaltools.gnu-tools-for-stm32.10.3-2021.10.win32_1.0.0.202111181127/tools/bin/../lib/gcc/arm-none-eabi/10.3.1/../../../../arm-none-eabi/lib/thumb/v7e-m+fp/hard\libc_nano.a(lib_a-findfp.o)
                0x00000000080079d0                _cleanup_r
 .text.__sfmoreglue
                0x00000000080079dc       0x2c c:/st/stm32cubeide_1.9.0/stm32cubeide/plugins/com.st.stm32cube.ide.mcu.externaltools.gnu-tools-for-stm32.10.3-2021.10.win32_1.0.0.202111181127/tools/bin/../lib/gcc/arm-none-eabi/10.3.1/../../../../arm-none-eabi/lib/thumb/v7e-m+fp/hard\libc_nano.a(lib_a-findfp.o)
                0x00000000080079dc                __sfmoreglue
 .text.__sfp_lock_acquire
                0x0000000008007a08        0xc c:/st/stm32cubeide_1.9.0/stm32cubeide/plugins/com.st.stm32cube.ide.mcu.externaltools.gnu-tools-for-stm32.10.3-2021.10.win32_1.0.0.202111181127/tools/bin/../lib/gcc/arm-none-eabi/10.3.1/../../../../arm-none-eabi/lib/thumb/v7e-m+fp/hard\libc_nano.a(lib_a-findfp.o)
                0x0000000008007a08                __sfp_lock_acquire
 .text.__sfp_lock_release
                0x0000000008007a14        0xc c:/st/stm32cubeide_1.9.0/stm32cubeide/plugins/com.st.stm32cube.ide.mcu.externaltools.gnu-tools-for-stm32.10.3-2021.10.win32_1.0.0.202111181127/tools/bin/../lib/gcc/arm-none-eabi/10.3.1/../../../../arm-none-eabi/lib/thumb/v7e-m+fp/hard\libc_nano.a(lib_a-findfp.o)
                0x0000000008007a14                __sfp_lock_release
 .text.__sinit_lock_acquire
                0x0000000008007a20        0xc c:/st/stm32cubeide_1.9.0/stm32cubeide/plugins/com.st.stm32cube.ide.mcu.externaltools.gnu-tools-for-stm32.10.3-2021.10.win32_1.0.0.202111181127/tools/bin/../lib/gcc/arm-none-eabi/10.3.1/../../../../arm-none-eabi/lib/thumb/v7e-m+fp/hard\libc_nano.a(lib_a-findfp.o)
                0x0000000008007a20                __sinit_lock_acquire
 .text.__sinit_lock_release
                0x0000000008007a2c        0xc c:/st/stm32cubeide_1.9.0/stm32cubeide/plugins/com.st.stm32cube.ide.mcu.externaltools.gnu-tools-for-stm32.10.3-2021.10.win32_1.0.0.202111181127/tools/bin/../lib/gcc/arm-none-eabi/10.3.1/../../../../arm-none-eabi/lib/thumb/v7e-m+fp/hard\libc_nano.a(lib_a-findfp.o)
                0x0000000008007a2c                __sinit_lock_release
 .text.__sinit  0x0000000008007a38       0x70 c:/st/stm32cubeide_1.9.0/stm32cubeide/plugins/com.st.stm32cube.ide.mcu.externaltools.gnu-tools-for-stm32.10.3-2021.10.win32_1.0.0.202111181127/tools/bin/../lib/gcc/arm-none-eabi/10.3.1/../../../../arm-none-eabi/lib/thumb/v7e-m+fp/hard\libc_nano.a(lib_a-findfp.o)
                0x0000000008007a38                __sinit
 .text.__sfp    0x0000000008007aa8       0x8c c:/st/stm32cubeide_1.9.0/stm32cubeide/plugins/com.st.stm32cube.ide.mcu.externaltools.gnu-tools-for-stm32.10.3-2021.10.win32_1.0.0.202111181127/tools/bin/../lib/gcc/arm-none-eabi/10.3.1/../../../../arm-none-eabi/lib/thumb/v7e-m+fp/hard\libc_nano.a(lib_a-findfp.o)
                0x0000000008007aa8                __sfp
 .text._fwalk_reent
                0x0000000008007b34       0x3e c:/st/stm32cubeide_1.9.0/stm32cubeide/plugins/com.st.stm32cube.ide.mcu.externaltools.gnu-tools-for-stm32.10.3-2021.10.win32_1.0.0.202111181127/tools/bin/../lib/gcc/arm-none-eabi/10.3.1/../../../../arm-none-eabi/lib/thumb/v7e-m+fp/hard\libc_nano.a(lib_a-fwalk.o)
                0x0000000008007b34                _fwalk_reent
 .text.__retarget_lock_init_recursive
                0x0000000008007b72        0x2 c:/st/stm32cubeide_1.9.0/stm32cubeide/plugins/com.st.stm32cube.ide.mcu.externaltools.gnu-tools-for-stm32.10.3-2021.10.win32_1.0.0.202111181127/tools/bin/../lib/gcc/arm-none-eabi/10.3.1/../../../../arm-none-eabi/lib/thumb/v7e-m+fp/hard\libc_nano.a(lib_a-lock.o)
                0x0000000008007b72                __retarget_lock_init_recursive
 .text.__retarget_lock_acquire_recursive
                0x0000000008007b74        0x2 c:/st/stm32cubeide_1.9.0/stm32cubeide/plugins/com.st.stm32cube.ide.mcu.externaltools.gnu-tools-for-stm32.10.3-2021.10.win32_1.0.0.202111181127/tools/bin/../lib/gcc/arm-none-eabi/10.3.1/../../../../arm-none-eabi/lib/thumb/v7e-m+fp/hard\libc_nano.a(lib_a-lock.o)
                0x0000000008007b74                __retarget_lock_acquire_recursive
 .text.__retarget_lock_release_recursive
                0x0000000008007b76        0x2 c:/st/stm32cubeide_1.9.0/stm32cubeide/plugins/com.st.stm32cube.ide.mcu.externaltools.gnu-tools-for-stm32.10.3-2021.10.win32_1.0.0.202111181127/tools/bin/../lib/gcc/arm-none-eabi/10.3.1/../../../../arm-none-eabi/lib/thumb/v7e-m+fp/hard\libc_nano.a(lib_a-lock.o)
                0x0000000008007b76                __retarget_lock_release_recursive
 .text.__swhatbuf_r
                0x0000000008007b78       0x4a c:/st/stm32cubeide_1.9.0/stm32cubeide/plugins/com.st.stm32cube.ide.mcu.externaltools.gnu-tools-for-stm32.10.3-2021.10.win32_1.0.0.202111181127/tools/bin/../lib/gcc/arm-none-eabi/10.3.1/../../../../arm-none-eabi/lib/thumb/v7e-m+fp/hard\libc_nano.a(lib_a-makebuf.o)
                0x0000000008007b78                __swhatbuf_r
 *fill*         0x0000000008007bc2        0x2 
 .text.__smakebuf_r
                0x0000000008007bc4       0x80 c:/st/stm32cubeide_1.9.0/stm32cubeide/plugins/com.st.stm32cube.ide.mcu.externaltools.gnu-tools-for-stm32.10.3-2021.10.win32_1.0.0.202111181127/tools/bin/../lib/gcc/arm-none-eabi/10.3.1/../../../../arm-none-eabi/lib/thumb/v7e-m+fp/hard\libc_nano.a(lib_a-makebuf.o)
                0x0000000008007bc4                __smakebuf_r
 .text.memmove  0x0000000008007c44       0x34 c:/st/stm32cubeide_1.9.0/stm32cubeide/plugins/com.st.stm32cube.ide.mcu.externaltools.gnu-tools-for-stm32.10.3-2021.10.win32_1.0.0.202111181127/tools/bin/../lib/gcc/arm-none-eabi/10.3.1/../../../../arm-none-eabi/lib/thumb/v7e-m+fp/hard\libc_nano.a(lib_a-memmove.o)
                0x0000000008007c44                memmove
 .text.__malloc_lock
                0x0000000008007c78        0xc c:/st/stm32cubeide_1.9.0/stm32cubeide/plugins/com.st.stm32cube.ide.mcu.externaltools.gnu-tools-for-stm32.10.3-2021.10.win32_1.0.0.202111181127/tools/bin/../lib/gcc/arm-none-eabi/10.3.1/../../../../arm-none-eabi/lib/thumb/v7e-m+fp/hard\libc_nano.a(lib_a-mlock.o)
                0x0000000008007c78                __malloc_lock
 .text.__malloc_unlock
                0x0000000008007c84        0xc c:/st/stm32cubeide_1.9.0/stm32cubeide/plugins/com.st.stm32cube.ide.mcu.externaltools.gnu-tools-for-stm32.10.3-2021.10.win32_1.0.0.202111181127/tools/bin/../lib/gcc/arm-none-eabi/10.3.1/../../../../arm-none-eabi/lib/thumb/v7e-m+fp/hard\libc_nano.a(lib_a-mlock.o)
                0x0000000008007c84                __malloc_unlock
 .text._realloc_r
                0x0000000008007c90       0x5e c:/st/stm32cubeide_1.9.0/stm32cubeide/plugins/com.st.stm32cube.ide.mcu.externaltools.gnu-tools-for-stm32.10.3-2021.10.win32_1.0.0.202111181127/tools/bin/../lib/gcc/arm-none-eabi/10.3.1/../../../../arm-none-eabi/lib/thumb/v7e-m+fp/hard\libc_nano.a(lib_a-nano-reallocr.o)
                0x0000000008007c90                _realloc_r
 .text._raise_r
                0x0000000008007cee       0x50 c:/st/stm32cubeide_1.9.0/stm32cubeide/plugins/com.st.stm32cube.ide.mcu.externaltools.gnu-tools-for-stm32.10.3-2021.10.win32_1.0.0.202111181127/tools/bin/../lib/gcc/arm-none-eabi/10.3.1/../../../../arm-none-eabi/lib/thumb/v7e-m+fp/hard\libc_nano.a(lib_a-signal.o)
                0x0000000008007cee                _raise_r
 *fill*         0x0000000008007d3e        0x2 
 .text.raise    0x0000000008007d40       0x10 c:/st/stm32cubeide_1.9.0/stm32cubeide/plugins/com.st.stm32cube.ide.mcu.externaltools.gnu-tools-for-stm32.10.3-2021.10.win32_1.0.0.202111181127/tools/bin/../lib/gcc/arm-none-eabi/10.3.1/../../../../arm-none-eabi/lib/thumb/v7e-m+fp/hard\libc_nano.a(lib_a-signal.o)
                0x0000000008007d40                raise
 .text._kill_r  0x0000000008007d50       0x24 c:/st/stm32cubeide_1.9.0/stm32cubeide/plugins/com.st.stm32cube.ide.mcu.externaltools.gnu-tools-for-stm32.10.3-2021.10.win32_1.0.0.202111181127/tools/bin/../lib/gcc/arm-none-eabi/10.3.1/../../../../arm-none-eabi/lib/thumb/v7e-m+fp/hard\libc_nano.a(lib_a-signalr.o)
                0x0000000008007d50                _kill_r
 .text._getpid_r
                0x0000000008007d74        0x4 c:/st/stm32cubeide_1.9.0/stm32cubeide/plugins/com.st.stm32cube.ide.mcu.externaltools.gnu-tools-for-stm32.10.3-2021.10.win32_1.0.0.202111181127/tools/bin/../lib/gcc/arm-none-eabi/10.3.1/../../../../arm-none-eabi/lib/thumb/v7e-m+fp/hard\libc_nano.a(lib_a-signalr.o)
                0x0000000008007d74                _getpid_r
 .text.__sread  0x0000000008007d78       0x22 c:/st/stm32cubeide_1.9.0/stm32cubeide/plugins/com.st.stm32cube.ide.mcu.externaltools.gnu-tools-for-stm32.10.3-2021.10.win32_1.0.0.202111181127/tools/bin/../lib/gcc/arm-none-eabi/10.3.1/../../../../arm-none-eabi/lib/thumb/v7e-m+fp/hard\libc_nano.a(lib_a-stdio.o)
                0x0000000008007d78                __sread
 .text.__swrite
                0x0000000008007d9a       0x38 c:/st/stm32cubeide_1.9.0/stm32cubeide/plugins/com.st.stm32cube.ide.mcu.externaltools.gnu-tools-for-stm32.10.3-2021.10.win32_1.0.0.202111181127/tools/bin/../lib/gcc/arm-none-eabi/10.3.1/../../../../arm-none-eabi/lib/thumb/v7e-m+fp/hard\libc_nano.a(lib_a-stdio.o)
                0x0000000008007d9a                __swrite
 .text.__sseek  0x0000000008007dd2       0x24 c:/st/stm32cubeide_1.9.0/stm32cubeide/plugins/com.st.stm32cube.ide.mcu.externaltools.gnu-tools-for-stm32.10.3-2021.10.win32_1.0.0.202111181127/tools/bin/../lib/gcc/arm-none-eabi/10.3.1/../../../../arm-none-eabi/lib/thumb/v7e-m+fp/hard\libc_nano.a(lib_a-stdio.o)
                0x0000000008007dd2                __sseek
 .text.__sclose
                0x0000000008007df6        0x8 c:/st/stm32cubeide_1.9.0/stm32cubeide/plugins/com.st.stm32cube.ide.mcu.externaltools.gnu-tools-for-stm32.10.3-2021.10.win32_1.0.0.202111181127/tools/bin/../lib/gcc/arm-none-eabi/10.3.1/../../../../arm-none-eabi/lib/thumb/v7e-m+fp/hard\libc_nano.a(lib_a-stdio.o)
                0x0000000008007df6                __sclose
 *fill*         0x0000000008007dfe        0x2 
 .text._write_r
                0x0000000008007e00       0x24 c:/st/stm32cubeide_1.9.0/stm32cubeide/plugins/com.st.stm32cube.ide.mcu.externaltools.gnu-tools-for-stm32.10.3-2021.10.win32_1.0.0.202111181127/tools/bin/../lib/gcc/arm-none-eabi/10.3.1/../../../../arm-none-eabi/lib/thumb/v7e-m+fp/hard\libc_nano.a(lib_a-writer.o)
                0x0000000008007e00                _write_r
 .text._close_r
                0x0000000008007e24       0x20 c:/st/stm32cubeide_1.9.0/stm32cubeide/plugins/com.st.stm32cube.ide.mcu.externaltools.gnu-tools-for-stm32.10.3-2021.10.win32_1.0.0.202111181127/tools/bin/../lib/gcc/arm-none-eabi/10.3.1/../../../../arm-none-eabi/lib/thumb/v7e-m+fp/hard\libc_nano.a(lib_a-closer.o)
                0x0000000008007e24                _close_r
 .text._fstat_r
                0x0000000008007e44       0x24 c:/st/stm32cubeide_1.9.0/stm32cubeide/plugins/com.st.stm32cube.ide.mcu.externaltools.gnu-tools-for-stm32.10.3-2021.10.win32_1.0.0.202111181127/tools/bin/../lib/gcc/arm-none-eabi/10.3.1/../../../../arm-none-eabi/lib/thumb/v7e-m+fp/hard\libc_nano.a(lib_a-fstatr.o)
                0x0000000008007e44                _fstat_r
 .text._isatty_r
                0x0000000008007e68       0x20 c:/st/stm32cubeide_1.9.0/stm32cubeide/plugins/com.st.stm32cube.ide.mcu.externaltools.gnu-tools-for-stm32.10.3-2021.10.win32_1.0.0.202111181127/tools/bin/../lib/gcc/arm-none-eabi/10.3.1/../../../../arm-none-eabi/lib/thumb/v7e-m+fp/hard\libc_nano.a(lib_a-isattyr.o)
                0x0000000008007e68                _isatty_r
 .text._lseek_r
                0x0000000008007e88       0x24 c:/st/stm32cubeide_1.9.0/stm32cubeide/plugins/com.st.stm32cube.ide.mcu.externaltools.gnu-tools-for-stm32.10.3-2021.10.win32_1.0.0.202111181127/tools/bin/../lib/gcc/arm-none-eabi/10.3.1/../../../../arm-none-eabi/lib/thumb/v7e-m+fp/hard\libc_nano.a(lib_a-lseekr.o)
                0x0000000008007e88                _lseek_r
 .text._malloc_usable_size_r
                0x0000000008007eac       0x10 c:/st/stm32cubeide_1.9.0/stm32cubeide/plugins/com.st.stm32cube.ide.mcu.externaltools.gnu-tools-for-stm32.10.3-2021.10.win32_1.0.0.202111181127/tools/bin/../lib/gcc/arm-none-eabi/10.3.1/../../../../arm-none-eabi/lib/thumb/v7e-m+fp/hard\libc_nano.a(lib_a-nano-msizer.o)
                0x0000000008007eac                _malloc_usable_size_r
 .text._read_r  0x0000000008007ebc       0x24 c:/st/stm32cubeide_1.9.0/stm32cubeide/plugins/com.st.stm32cube.ide.mcu.externaltools.gnu-tools-for-stm32.10.3-2021.10.win32_1.0.0.202111181127/tools/bin/../lib/gcc/arm-none-eabi/10.3.1/../../../../arm-none-eabi/lib/thumb/v7e-m+fp/hard\libc_nano.a(lib_a-readr.o)
                0x0000000008007ebc                _read_r
 .text._gettimeofday
                0x0000000008007ee0       0x10 c:/st/stm32cubeide_1.9.0/stm32cubeide/plugins/com.st.stm32cube.ide.mcu.externaltools.gnu-tools-for-stm32.10.3-2021.10.win32_1.0.0.202111181127/tools/bin/../lib/gcc/arm-none-eabi/10.3.1/../../../../arm-none-eabi/lib/thumb/v7e-m+fp/hard\libnosys.a(gettod.o)
                0x0000000008007ee0                _gettimeofday
 *(.glue_7)
 .glue_7        0x0000000008007ef0        0x0 linker stubs
 *(.glue_7t)
 .glue_7t       0x0000000008007ef0        0x0 linker stubs
 *(.eh_frame)
 .eh_frame      0x0000000008007ef0        0x0 c:/st/stm32cubeide_1.9.0/stm32cubeide/plugins/com.st.stm32cube.ide.mcu.externaltools.gnu-tools-for-stm32.10.3-2021.10.win32_1.0.0.202111181127/tools/bin/../lib/gcc/arm-none-eabi/10.3.1/thumb/v7e-m+fp/hard/crtbegin.o
 *(.init)
 .init          0x0000000008007ef0        0x4 c:/st/stm32cubeide_1.9.0/stm32cubeide/plugins/com.st.stm32cube.ide.mcu.externaltools.gnu-tools-for-stm32.10.3-2021.10.win32_1.0.0.202111181127/tools/bin/../lib/gcc/arm-none-eabi/10.3.1/thumb/v7e-m+fp/hard/crti.o
                0x0000000008007ef0                _init
 .init          0x0000000008007ef4        0x8 c:/st/stm32cubeide_1.9.0/stm32cubeide/plugins/com.st.stm32cube.ide.mcu.externaltools.gnu-tools-for-stm32.10.3-2021.10.win32_1.0.0.202111181127/tools/bin/../lib/gcc/arm-none-eabi/10.3.1/thumb/v7e-m+fp/hard/crtn.o
 *(.fini)
 .fini          0x0000000008007efc        0x4 c:/st/stm32cubeide_1.9.0/stm32cubeide/plugins/com.st.stm32cube.ide.mcu.externaltools.gnu-tools-for-stm32.10.3-2021.10.win32_1.0.0.202111181127/tools/bin/../lib/gcc/arm-none-eabi/10.3.1/thumb/v7e-m+fp/hard/crti.o
                0x0000000008007efc                _fini
 .fini          0x0000000008007f00        0x8 c:/st/stm32cubeide_1.9.0/stm32cubeide/plugins/com.st.stm32cube.ide.mcu.externaltools.gnu-tools-for-stm32.10.3-2021.10.win32_1.0.0.202111181127/tools/bin/../lib/gcc/arm-none-eabi/10.3.1/thumb/v7e-m+fp/hard/crtn.o
                0x0000000008007f08                . = ALIGN (0x4)
                0x0000000008007f08                _etext = .

.vfp11_veneer   0x0000000008007f08        0x0
 .vfp11_veneer  0x0000000008007f08        0x0 linker stubs

.v4_bx          0x0000000008007f08        0x0
 .v4_bx         0x0000000008007f08        0x0 linker stubs

.iplt           0x0000000008007f08        0x0
 .iplt          0x0000000008007f08        0x0 c:/st/stm32cubeide_1.9.0/stm32cubeide/plugins/com.st.stm32cube.ide.mcu.externaltools.gnu-tools-for-stm32.10.3-2021.10.win32_1.0.0.202111181127/tools/bin/../lib/gcc/arm-none-eabi/10.3.1/thumb/v7e-m+fp/hard/crtbegin.o

.rodata         0x0000000008007f08      0x88c
                0x0000000008007f08                . = ALIGN (0x4)
 *(.rodata)
 .rodata        0x0000000008007f08       0x17 ./Core/Src/TetrisEnterHighScore.o
 *fill*         0x0000000008007f1f        0x1 
 .rodata        0x0000000008007f20       0x10 ./Core/Src/TetrisGame.o
 .rodata        0x0000000008007f30        0xc ./Core/Src/TetrisPlayAgainScreen.o
 *(.rodata*)
 .rodata.gFont6x8
                0x0000000008007f3c      0x60c ./Core/Src/LcdGraphics.o
 .rodata._IPieceOccupiedIndices
                0x0000000008008548       0x10 ./Core/Src/TetrisCore.o
 .rodata._JPieceOccupiedIndicies
                0x0000000008008558       0x10 ./Core/Src/TetrisCore.o
 .rodata._TPieceOccupiedIndicies
                0x0000000008008568       0x10 ./Core/Src/TetrisCore.o
 .rodata._LPieceOccupiedIndicies
                0x0000000008008578       0x10 ./Core/Src/TetrisCore.o
 .rodata._OPieceOccupiedIndicies
                0x0000000008008588       0x10 ./Core/Src/TetrisCore.o
 .rodata._SPieceOccupiedIndicies
                0x0000000008008598       0x10 ./Core/Src/TetrisCore.o
 .rodata._ZPieceOccupiedIndicies
                0x00000000080085a8       0x10 ./Core/Src/TetrisCore.o
 .rodata._levelsMoveIntervals
                0x00000000080085b8       0x54 ./Core/Src/TetrisGame.o
 .rodata._levelSelectTransitions
                0x000000000800860c        0x2 ./Core/Src/TetrisMain.o
                0x000000000800860c                _levelSelectTransitions
 *fill*         0x000000000800860e        0x2 
 .rodata._playingTransitions
                0x0000000008008610        0x4 ./Core/Src/TetrisMain.o
                0x0000000008008610                _playingTransitions
 .rodata._playAgainScreenTransitions
                0x0000000008008614        0x2 ./Core/Src/TetrisMain.o
                0x0000000008008614                _playAgainScreenTransitions
 *fill*         0x0000000008008616        0x2 
 .rodata._enterNewHighScoreScreenTransitions
                0x0000000008008618        0x2 ./Core/Src/TetrisMain.o
                0x0000000008008618                _enterNewHighScoreScreenTransitions
 *fill*         0x000000000800861a        0x2 
 .rodata.AHBPrescTable
                0x000000000800861c       0x10 ./Core/Src/system_stm32f3xx.o
                0x000000000800861c                AHBPrescTable
 .rodata.aPLLMULFactorTable
                0x000000000800862c       0x10 ./Drivers/STM32F3xx_HAL_Driver/Src/stm32f3xx_hal_rcc.o
                0x000000000800862c                aPLLMULFactorTable
 .rodata.aPredivFactorTable
                0x000000000800863c       0x10 ./Drivers/STM32F3xx_HAL_Driver/Src/stm32f3xx_hal_rcc.o
                0x000000000800863c                aPredivFactorTable
 .rodata._global_impure_ptr
                0x000000000800864c        0x4 c:/st/stm32cubeide_1.9.0/stm32cubeide/plugins/com.st.stm32cube.ide.mcu.externaltools.gnu-tools-for-stm32.10.3-2021.10.win32_1.0.0.202111181127/tools/bin/../lib/gcc/arm-none-eabi/10.3.1/../../../../arm-none-eabi/lib/thumb/v7e-m+fp/hard\libc_nano.a(lib_a-impure.o)
                0x000000000800864c                _global_impure_ptr
 .rodata.srand.str1.1
                0x0000000008008650       0x72 c:/st/stm32cubeide_1.9.0/stm32cubeide/plugins/com.st.stm32cube.ide.mcu.externaltools.gnu-tools-for-stm32.10.3-2021.10.win32_1.0.0.202111181127/tools/bin/../lib/gcc/arm-none-eabi/10.3.1/../../../../arm-none-eabi/lib/thumb/v7e-m+fp/hard\libc_nano.a(lib_a-rand.o)
 .rodata.__assert_func.str1.1
                0x00000000080086c2       0x3c c:/st/stm32cubeide_1.9.0/stm32cubeide/plugins/com.st.stm32cube.ide.mcu.externaltools.gnu-tools-for-stm32.10.3-2021.10.win32_1.0.0.202111181127/tools/bin/../lib/gcc/arm-none-eabi/10.3.1/../../../../arm-none-eabi/lib/thumb/v7e-m+fp/hard\libc_nano.a(lib_a-assert.o)
                                         0x3d (size before relaxing)
 .rodata._svfprintf_r.str1.1
                0x00000000080086fe       0x11 c:/st/stm32cubeide_1.9.0/stm32cubeide/plugins/com.st.stm32cube.ide.mcu.externaltools.gnu-tools-for-stm32.10.3-2021.10.win32_1.0.0.202111181127/tools/bin/../lib/gcc/arm-none-eabi/10.3.1/../../../../arm-none-eabi/lib/thumb/v7e-m+fp/hard\libc_nano.a(lib_a-nano-svfprintf.o)
 .rodata._vfprintf_r.str1.1
                0x000000000800870f       0x11 c:/st/stm32cubeide_1.9.0/stm32cubeide/plugins/com.st.stm32cube.ide.mcu.externaltools.gnu-tools-for-stm32.10.3-2021.10.win32_1.0.0.202111181127/tools/bin/../lib/gcc/arm-none-eabi/10.3.1/../../../../arm-none-eabi/lib/thumb/v7e-m+fp/hard\libc_nano.a(lib_a-nano-vfprintf.o)
 .rodata._printf_i.str1.1
                0x000000000800870f       0x22 c:/st/stm32cubeide_1.9.0/stm32cubeide/plugins/com.st.stm32cube.ide.mcu.externaltools.gnu-tools-for-stm32.10.3-2021.10.win32_1.0.0.202111181127/tools/bin/../lib/gcc/arm-none-eabi/10.3.1/../../../../arm-none-eabi/lib/thumb/v7e-m+fp/hard\libc_nano.a(lib_a-nano-vfprintf_i.o)
 *fill*         0x0000000008008731        0x3 
 .rodata.__sf_fake_stderr
                0x0000000008008734       0x20 c:/st/stm32cubeide_1.9.0/stm32cubeide/plugins/com.st.stm32cube.ide.mcu.externaltools.gnu-tools-for-stm32.10.3-2021.10.win32_1.0.0.202111181127/tools/bin/../lib/gcc/arm-none-eabi/10.3.1/../../../../arm-none-eabi/lib/thumb/v7e-m+fp/hard\libc_nano.a(lib_a-findfp.o)
                0x0000000008008734                __sf_fake_stderr
 .rodata.__sf_fake_stdin
                0x0000000008008754       0x20 c:/st/stm32cubeide_1.9.0/stm32cubeide/plugins/com.st.stm32cube.ide.mcu.externaltools.gnu-tools-for-stm32.10.3-2021.10.win32_1.0.0.202111181127/tools/bin/../lib/gcc/arm-none-eabi/10.3.1/../../../../arm-none-eabi/lib/thumb/v7e-m+fp/hard\libc_nano.a(lib_a-findfp.o)
                0x0000000008008754                __sf_fake_stdin
 .rodata.__sf_fake_stdout
                0x0000000008008774       0x20 c:/st/stm32cubeide_1.9.0/stm32cubeide/plugins/com.st.stm32cube.ide.mcu.externaltools.gnu-tools-for-stm32.10.3-2021.10.win32_1.0.0.202111181127/tools/bin/../lib/gcc/arm-none-eabi/10.3.1/../../../../arm-none-eabi/lib/thumb/v7e-m+fp/hard\libc_nano.a(lib_a-findfp.o)
                0x0000000008008774                __sf_fake_stdout
                0x0000000008008794                . = ALIGN (0x4)

.rel.dyn        0x0000000008008794        0x0
 .rel.iplt      0x0000000008008794        0x0 c:/st/stm32cubeide_1.9.0/stm32cubeide/plugins/com.st.stm32cube.ide.mcu.externaltools.gnu-tools-for-stm32.10.3-2021.10.win32_1.0.0.202111181127/tools/bin/../lib/gcc/arm-none-eabi/10.3.1/thumb/v7e-m+fp/hard/crtbegin.o

.ARM.extab      0x0000000008008794        0x0
                0x0000000008008794                . = ALIGN (0x4)
 *(.ARM.extab* .gnu.linkonce.armextab.*)
                0x0000000008008794                . = ALIGN (0x4)

.ARM            0x0000000008008794        0x0
                0x0000000008008794                . = ALIGN (0x4)
                0x0000000008008794                __exidx_start = .
 *(.ARM.exidx*)
                0x0000000008008794                __exidx_end = .
                0x0000000008008794                . = ALIGN (0x4)

.preinit_array  0x0000000008008794        0x0
                0x0000000008008794                . = ALIGN (0x4)
                0x0000000008008794                PROVIDE (__preinit_array_start = .)
 *(.preinit_array*)
                0x0000000008008794                PROVIDE (__preinit_array_end = .)
                0x0000000008008794                . = ALIGN (0x4)

.init_array     0x0000000008008794        0x4
                0x0000000008008794                . = ALIGN (0x4)
                0x0000000008008794                PROVIDE (__init_array_start = .)
 *(SORT_BY_NAME(.init_array.*))
 *(.init_array*)
 .init_array    0x0000000008008794        0x4 c:/st/stm32cubeide_1.9.0/stm32cubeide/plugins/com.st.stm32cube.ide.mcu.externaltools.gnu-tools-for-stm32.10.3-2021.10.win32_1.0.0.202111181127/tools/bin/../lib/gcc/arm-none-eabi/10.3.1/thumb/v7e-m+fp/hard/crtbegin.o
                0x0000000008008798                PROVIDE (__init_array_end = .)
                0x0000000008008798                . = ALIGN (0x4)

.fini_array     0x0000000008008798        0x4
                0x0000000008008798                . = ALIGN (0x4)
                [!provide]                        PROVIDE (__fini_array_start = .)
 *(SORT_BY_NAME(.fini_array.*))
 *(.fini_array*)
 .fini_array    0x0000000008008798        0x4 c:/st/stm32cubeide_1.9.0/stm32cubeide/plugins/com.st.stm32cube.ide.mcu.externaltools.gnu-tools-for-stm32.10.3-2021.10.win32_1.0.0.202111181127/tools/bin/../lib/gcc/arm-none-eabi/10.3.1/thumb/v7e-m+fp/hard/crtbegin.o
                [!provide]                        PROVIDE (__fini_array_end = .)
                0x000000000800879c                . = ALIGN (0x4)
                0x000000000800879c                _sidata = LOADADDR (.data)

.data           0x0000000020000000       0xc4 load address 0x000000000800879c
                0x0000000020000000                . = ALIGN (0x4)
                0x0000000020000000                _sdata = .
 *(.data)
 *(.data*)
 .data._GameBoardXOffset
                0x0000000020000000        0x1 ./Core/Src/TetrisCore.o
 *fill*         0x0000000020000001        0x3 
 .data._TetrisPieces
                0x0000000020000004       0x1c ./Core/Src/TetrisCore.o
 .data._autoMoveInterval
                0x0000000020000020        0x4 ./Core/Src/TetrisGame.o
 .data._newScoreToDisplay
                0x0000000020000024        0x1 ./Core/Src/TetrisGame.o
 .data._newLevelToDisplay
                0x0000000020000025        0x1 ./Core/Src/TetrisGame.o
 .data._movingDownResult
                0x0000000020000026        0x1 ./Core/Src/TetrisGame.o
 .data._currentLevel
                0x0000000020000027        0x1 ./Core/Src/TetrisGame.o
 .data._highScores
                0x0000000020000028       0x28 ./Core/Src/TetrisHighScores.o
 .data._currentState
                0x0000000020000050        0x1 ./Core/Src/TetrisMain.o
 *fill*         0x0000000020000051        0x3 
 .data.SystemCoreClock
                0x0000000020000054        0x4 ./Core/Src/system_stm32f3xx.o
                0x0000000020000054                SystemCoreClock
 .data.uwTickPrio
                0x0000000020000058        0x4 ./Drivers/STM32F3xx_HAL_Driver/Src/stm32f3xx_hal.o
                0x0000000020000058                uwTickPrio
 .data.uwTickFreq
                0x000000002000005c        0x1 ./Drivers/STM32F3xx_HAL_Driver/Src/stm32f3xx_hal.o
                0x000000002000005c                uwTickFreq
 *fill*         0x000000002000005d        0x3 
 .data._impure_ptr
                0x0000000020000060        0x4 c:/st/stm32cubeide_1.9.0/stm32cubeide/plugins/com.st.stm32cube.ide.mcu.externaltools.gnu-tools-for-stm32.10.3-2021.10.win32_1.0.0.202111181127/tools/bin/../lib/gcc/arm-none-eabi/10.3.1/../../../../arm-none-eabi/lib/thumb/v7e-m+fp/hard\libc_nano.a(lib_a-impure.o)
                0x0000000020000060                _impure_ptr
 .data.impure_data
                0x0000000020000064       0x60 c:/st/stm32cubeide_1.9.0/stm32cubeide/plugins/com.st.stm32cube.ide.mcu.externaltools.gnu-tools-for-stm32.10.3-2021.10.win32_1.0.0.202111181127/tools/bin/../lib/gcc/arm-none-eabi/10.3.1/../../../../arm-none-eabi/lib/thumb/v7e-m+fp/hard\libc_nano.a(lib_a-impure.o)
 *(.RamFunc)
 *(.RamFunc*)
                0x00000000200000c4                . = ALIGN (0x4)
                0x00000000200000c4                _edata = .
                0x0000000008008860                _siccmram = LOADADDR (.ccmram)

.igot.plt       0x00000000200000c4        0x0 load address 0x0000000008008860
 .igot.plt      0x00000000200000c4        0x0 c:/st/stm32cubeide_1.9.0/stm32cubeide/plugins/com.st.stm32cube.ide.mcu.externaltools.gnu-tools-for-stm32.10.3-2021.10.win32_1.0.0.202111181127/tools/bin/../lib/gcc/arm-none-eabi/10.3.1/thumb/v7e-m+fp/hard/crtbegin.o

.ccmram         0x0000000010000000        0x0 load address 0x0000000008008860
                0x0000000010000000                . = ALIGN (0x4)
                0x0000000010000000                _sccmram = .
 *(.ccmram)
 *(.ccmram*)
                0x0000000010000000                . = ALIGN (0x4)
                0x0000000010000000                _eccmram = .
                0x0000000010000000                . = ALIGN (0x4)

.bss            0x00000000200000c8      0x858
                0x00000000200000c8                _sbss = .
                0x00000000200000c8                __bss_start__ = _sbss
 *(.bss)
 .bss           0x00000000200000c8       0x1c c:/st/stm32cubeide_1.9.0/stm32cubeide/plugins/com.st.stm32cube.ide.mcu.externaltools.gnu-tools-for-stm32.10.3-2021.10.win32_1.0.0.202111181127/tools/bin/../lib/gcc/arm-none-eabi/10.3.1/thumb/v7e-m+fp/hard/crtbegin.o
 *(.bss*)
 .bss.AD_RES    0x00000000200000e4        0x2 ./Core/Src/AnalogStick.o
                0x00000000200000e4                AD_RES
 *fill*         0x00000000200000e6        0x2 
 .bss.gFrameBuffer
                0x00000000200000e8      0x1f8 ./Core/Src/LcdGraphics.o
                0x00000000200000e8                gFrameBuffer
 .bss.gScreenRegionsToUpdate
                0x00000000200002e0       0x12 ./Core/Src/LcdGraphics.o
                0x00000000200002e0                gScreenRegionsToUpdate
 *fill*         0x00000000200002f2        0x2 
 .bss._accumulatedPlaytime
                0x00000000200002f4        0x4 ./Core/Src/TetrisAccumulatedPlaytime.o
 .bss._gameBoardArray
                0x00000000200002f8       0x1e ./Core/Src/TetrisCore.o
 *fill*         0x0000000020000316        0x2 
 .bss._drawRect
                0x0000000020000318        0x4 ./Core/Src/TetrisCore.o
 .bss._drawActiveBlock
                0x000000002000031c        0x4 ./Core/Src/TetrisCore.o
 .bss._drawStationaryBlock
                0x0000000020000320        0x4 ./Core/Src/TetrisCore.o
 .bss._getNextBlockIndex
                0x0000000020000324        0x4 ./Core/Src/TetrisCore.o
 .bss._onLinesCleared
                0x0000000020000328        0x4 ./Core/Src/TetrisCore.o
 .bss._onGameOver
                0x000000002000032c        0x4 ./Core/Src/TetrisCore.o
 .bss._currentPiece
                0x0000000020000330        0x8 ./Core/Src/TetrisCore.o
 .bss._nextPiece
                0x0000000020000338        0x8 ./Core/Src/TetrisCore.o
 .bss._GameBoardYOffset
                0x0000000020000340        0x1 ./Core/Src/TetrisCore.o
 .bss._startLevel
                0x0000000020000341        0x1 ./Core/Src/TetrisEnterHighScore.o
 *fill*         0x0000000020000342        0x2 
 .bss._tetrisTimer
                0x0000000020000344        0x4 ./Core/Src/TetrisGame.o
 .bss._lastButtonBState
                0x0000000020000348        0x1 ./Core/Src/TetrisGame.o
 *fill*         0x0000000020000349        0x1 
 .bss._linesCleared
                0x000000002000034a        0x2 ./Core/Src/TetrisGame.o
 .bss._score    0x000000002000034c        0x4 ./Core/Src/TetrisGame.o
 .bss._startLevel
                0x0000000020000350        0x1 ./Core/Src/TetrisGame.o
 *fill*         0x0000000020000351        0x3 
 .bss._currentLevelTetrisScores
                0x0000000020000354       0x10 ./Core/Src/TetrisGame.o
 .bss._highScoreCellSize
                0x0000000020000364        0x4 ./Core/Src/TetrisHighScores.o
 .bss._stateMachineDataPointer
                0x0000000020000368        0x4 ./Core/Src/TetrisMain.o
 .bss._states   0x000000002000036c       0x64 ./Core/Src/TetrisMain.o
 .bss._startLevel
                0x00000000200003d0        0x1 ./Core/Src/TetrisPlayAgainScreen.o
 *fill*         0x00000000200003d1        0x3 
 .bss.gZeroArray
                0x00000000200003d4      0x1f8 ./Core/Src/lcd_pcd8544.o
 .bss.gLcdScreen
                0x00000000200005cc      0x21c ./Core/Src/lcd_pcd8544.o
                0x00000000200005cc                gLcdScreen
 .bss.hadc2     0x00000000200007e8       0x50 ./Core/Src/main.o
                0x00000000200007e8                hadc2
 .bss.hspi1     0x0000000020000838       0x64 ./Core/Src/main.o
                0x0000000020000838                hspi1
 .bss.htim2     0x000000002000089c       0x4c ./Core/Src/main.o
                0x000000002000089c                htim2
 .bss.__sbrk_heap_end
                0x00000000200008e8        0x4 ./Core/Src/sysmem.o
 .bss.uwTick    0x00000000200008ec        0x4 ./Drivers/STM32F3xx_HAL_Driver/Src/stm32f3xx_hal.o
                0x00000000200008ec                uwTick
 .bss.pFlash    0x00000000200008f0       0x20 ./Drivers/STM32F3xx_HAL_Driver/Src/stm32f3xx_hal_flash.o
                0x00000000200008f0                pFlash
 .bss.__malloc_free_list
                0x0000000020000910        0x4 c:/st/stm32cubeide_1.9.0/stm32cubeide/plugins/com.st.stm32cube.ide.mcu.externaltools.gnu-tools-for-stm32.10.3-2021.10.win32_1.0.0.202111181127/tools/bin/../lib/gcc/arm-none-eabi/10.3.1/../../../../arm-none-eabi/lib/thumb/v7e-m+fp/hard\libc_nano.a(lib_a-nano-mallocr.o)
                0x0000000020000910                __malloc_free_list
 .bss.__malloc_sbrk_start
                0x0000000020000914        0x4 c:/st/stm32cubeide_1.9.0/stm32cubeide/plugins/com.st.stm32cube.ide.mcu.externaltools.gnu-tools-for-stm32.10.3-2021.10.win32_1.0.0.202111181127/tools/bin/../lib/gcc/arm-none-eabi/10.3.1/../../../../arm-none-eabi/lib/thumb/v7e-m+fp/hard\libc_nano.a(lib_a-nano-mallocr.o)
                0x0000000020000914                __malloc_sbrk_start
 .bss.errno     0x0000000020000918        0x4 c:/st/stm32cubeide_1.9.0/stm32cubeide/plugins/com.st.stm32cube.ide.mcu.externaltools.gnu-tools-for-stm32.10.3-2021.10.win32_1.0.0.202111181127/tools/bin/../lib/gcc/arm-none-eabi/10.3.1/../../../../arm-none-eabi/lib/thumb/v7e-m+fp/hard\libc_nano.a(lib_a-reent.o)
                0x0000000020000918                errno
 .bss.__lock___malloc_recursive_mutex
                0x000000002000091c        0x1 c:/st/stm32cubeide_1.9.0/stm32cubeide/plugins/com.st.stm32cube.ide.mcu.externaltools.gnu-tools-for-stm32.10.3-2021.10.win32_1.0.0.202111181127/tools/bin/../lib/gcc/arm-none-eabi/10.3.1/../../../../arm-none-eabi/lib/thumb/v7e-m+fp/hard\libc_nano.a(lib_a-lock.o)
                0x000000002000091c                __lock___malloc_recursive_mutex
 .bss.__lock___sfp_recursive_mutex
                0x000000002000091d        0x1 c:/st/stm32cubeide_1.9.0/stm32cubeide/plugins/com.st.stm32cube.ide.mcu.externaltools.gnu-tools-for-stm32.10.3-2021.10.win32_1.0.0.202111181127/tools/bin/../lib/gcc/arm-none-eabi/10.3.1/../../../../arm-none-eabi/lib/thumb/v7e-m+fp/hard\libc_nano.a(lib_a-lock.o)
                0x000000002000091d                __lock___sfp_recursive_mutex
 .bss.__lock___sinit_recursive_mutex
                0x000000002000091e        0x1 c:/st/stm32cubeide_1.9.0/stm32cubeide/plugins/com.st.stm32cube.ide.mcu.externaltools.gnu-tools-for-stm32.10.3-2021.10.win32_1.0.0.202111181127/tools/bin/../lib/gcc/arm-none-eabi/10.3.1/../../../../arm-none-eabi/lib/thumb/v7e-m+fp/hard\libc_nano.a(lib_a-lock.o)
                0x000000002000091e                __lock___sinit_recursive_mutex
 *(COMMON)
                0x0000000020000920                . = ALIGN (0x4)
 *fill*         0x000000002000091f        0x1 
                0x0000000020000920                _ebss = .
                0x0000000020000920                __bss_end__ = _ebss

._user_heap_stack
                0x0000000020000920      0x600
                0x0000000020000920                . = ALIGN (0x8)
                [!provide]                        PROVIDE (end = .)
                0x0000000020000920                PROVIDE (_end = .)
                0x0000000020000b20                . = (. + _Min_Heap_Size)
 *fill*         0x0000000020000920      0x200 
                0x0000000020000f20                . = (. + _Min_Stack_Size)
 *fill*         0x0000000020000b20      0x400 
                0x0000000020000f20                . = ALIGN (0x8)

/DISCARD/
 libc.a(*)
 libm.a(*)
 libgcc.a(*)

.ARM.attributes
                0x0000000000000000       0x30
 *(.ARM.attributes)
 .ARM.attributes
                0x0000000000000000       0x1e c:/st/stm32cubeide_1.9.0/stm32cubeide/plugins/com.st.stm32cube.ide.mcu.externaltools.gnu-tools-for-stm32.10.3-2021.10.win32_1.0.0.202111181127/tools/bin/../lib/gcc/arm-none-eabi/10.3.1/thumb/v7e-m+fp/hard/crti.o
 .ARM.attributes
                0x000000000000001e       0x34 c:/st/stm32cubeide_1.9.0/stm32cubeide/plugins/com.st.stm32cube.ide.mcu.externaltools.gnu-tools-for-stm32.10.3-2021.10.win32_1.0.0.202111181127/tools/bin/../lib/gcc/arm-none-eabi/10.3.1/thumb/v7e-m+fp/hard/crtbegin.o
 .ARM.attributes
                0x0000000000000052       0x34 ./Core/Src/AnalogStick.o
 .ARM.attributes
                0x0000000000000086       0x34 ./Core/Src/LcdGraphics.o
 .ARM.attributes
                0x00000000000000ba       0x34 ./Core/Src/TetrisAccumulatedPlaytime.o
 .ARM.attributes
                0x00000000000000ee       0x34 ./Core/Src/TetrisCore.o
 .ARM.attributes
                0x0000000000000122       0x34 ./Core/Src/TetrisEnterHighScore.o
 .ARM.attributes
                0x0000000000000156       0x34 ./Core/Src/TetrisGame.o
 .ARM.attributes
                0x000000000000018a       0x34 ./Core/Src/TetrisHighScores.o
 .ARM.attributes
                0x00000000000001be       0x34 ./Core/Src/TetrisLevelSelectScreen.o
 .ARM.attributes
                0x00000000000001f2       0x34 ./Core/Src/TetrisMain.o
 .ARM.attributes
                0x0000000000000226       0x34 ./Core/Src/TetrisPersistantData.o
 .ARM.attributes
                0x000000000000025a       0x34 ./Core/Src/TetrisPlayAgainScreen.o
 .ARM.attributes
                0x000000000000028e       0x34 ./Core/Src/lcd_pcd8544.o
 .ARM.attributes
                0x00000000000002c2       0x34 ./Core/Src/lcd_pcd8544_ll.o
 .ARM.attributes
                0x00000000000002f6       0x34 ./Core/Src/main.o
 .ARM.attributes
                0x000000000000032a       0x34 ./Core/Src/stm32f3xx_hal_msp.o
 .ARM.attributes
                0x000000000000035e       0x34 ./Core/Src/stm32f3xx_it.o
 .ARM.attributes
                0x0000000000000392       0x34 ./Core/Src/syscalls.o
 .ARM.attributes
                0x00000000000003c6       0x34 ./Core/Src/sysmem.o
 .ARM.attributes
                0x00000000000003fa       0x34 ./Core/Src/system_stm32f3xx.o
 .ARM.attributes
                0x000000000000042e       0x21 ./Core/Startup/startup_stm32f303k8tx.o
 .ARM.attributes
                0x000000000000044f       0x34 ./Drivers/STM32F3xx_HAL_Driver/Src/stm32f3xx_hal.o
 .ARM.attributes
                0x0000000000000483       0x34 ./Drivers/STM32F3xx_HAL_Driver/Src/stm32f3xx_hal_adc_ex.o
 .ARM.attributes
                0x00000000000004b7       0x34 ./Drivers/STM32F3xx_HAL_Driver/Src/stm32f3xx_hal_cortex.o
 .ARM.attributes
                0x00000000000004eb       0x34 ./Drivers/STM32F3xx_HAL_Driver/Src/stm32f3xx_hal_flash.o
 .ARM.attributes
                0x000000000000051f       0x34 ./Drivers/STM32F3xx_HAL_Driver/Src/stm32f3xx_hal_flash_ex.o
 .ARM.attributes
                0x0000000000000553       0x34 ./Drivers/STM32F3xx_HAL_Driver/Src/stm32f3xx_hal_gpio.o
 .ARM.attributes
                0x0000000000000587       0x34 ./Drivers/STM32F3xx_HAL_Driver/Src/stm32f3xx_hal_rcc.o
 .ARM.attributes
                0x00000000000005bb       0x34 ./Drivers/STM32F3xx_HAL_Driver/Src/stm32f3xx_hal_rcc_ex.o
 .ARM.attributes
                0x00000000000005ef       0x34 ./Drivers/STM32F3xx_HAL_Driver/Src/stm32f3xx_hal_spi.o
 .ARM.attributes
                0x0000000000000623       0x34 ./Drivers/STM32F3xx_HAL_Driver/Src/stm32f3xx_hal_tim.o
 .ARM.attributes
                0x0000000000000657       0x34 ./Drivers/STM32F3xx_HAL_Driver/Src/stm32f3xx_hal_tim_ex.o
 .ARM.attributes
                0x000000000000068b       0x34 c:/st/stm32cubeide_1.9.0/stm32cubeide/plugins/com.st.stm32cube.ide.mcu.externaltools.gnu-tools-for-stm32.10.3-2021.10.win32_1.0.0.202111181127/tools/bin/../lib/gcc/arm-none-eabi/10.3.1/../../../../arm-none-eabi/lib/thumb/v7e-m+fp/hard\libc_nano.a(lib_a-errno.o)
 .ARM.attributes
                0x00000000000006bf       0x34 c:/st/stm32cubeide_1.9.0/stm32cubeide/plugins/com.st.stm32cube.ide.mcu.externaltools.gnu-tools-for-stm32.10.3-2021.10.win32_1.0.0.202111181127/tools/bin/../lib/gcc/arm-none-eabi/10.3.1/../../../../arm-none-eabi/lib/thumb/v7e-m+fp/hard\libc_nano.a(lib_a-impure.o)
 .ARM.attributes
                0x00000000000006f3       0x34 c:/st/stm32cubeide_1.9.0/stm32cubeide/plugins/com.st.stm32cube.ide.mcu.externaltools.gnu-tools-for-stm32.10.3-2021.10.win32_1.0.0.202111181127/tools/bin/../lib/gcc/arm-none-eabi/10.3.1/../../../../arm-none-eabi/lib/thumb/v7e-m+fp/hard\libc_nano.a(lib_a-init.o)
 .ARM.attributes
                0x0000000000000727       0x34 c:/st/stm32cubeide_1.9.0/stm32cubeide/plugins/com.st.stm32cube.ide.mcu.externaltools.gnu-tools-for-stm32.10.3-2021.10.win32_1.0.0.202111181127/tools/bin/../lib/gcc/arm-none-eabi/10.3.1/../../../../arm-none-eabi/lib/thumb/v7e-m+fp/hard\libc_nano.a(lib_a-memcpy-stub.o)
 .ARM.attributes
                0x000000000000075b       0x34 c:/st/stm32cubeide_1.9.0/stm32cubeide/plugins/com.st.stm32cube.ide.mcu.externaltools.gnu-tools-for-stm32.10.3-2021.10.win32_1.0.0.202111181127/tools/bin/../lib/gcc/arm-none-eabi/10.3.1/../../../../arm-none-eabi/lib/thumb/v7e-m+fp/hard\libc_nano.a(lib_a-memset.o)
 .ARM.attributes
                0x000000000000078f       0x34 c:/st/stm32cubeide_1.9.0/stm32cubeide/plugins/com.st.stm32cube.ide.mcu.externaltools.gnu-tools-for-stm32.10.3-2021.10.win32_1.0.0.202111181127/tools/bin/../lib/gcc/arm-none-eabi/10.3.1/../../../../arm-none-eabi/lib/thumb/v7e-m+fp/hard\libc_nano.a(lib_a-rand.o)
 .ARM.attributes
                0x00000000000007c3       0x34 c:/st/stm32cubeide_1.9.0/stm32cubeide/plugins/com.st.stm32cube.ide.mcu.externaltools.gnu-tools-for-stm32.10.3-2021.10.win32_1.0.0.202111181127/tools/bin/../lib/gcc/arm-none-eabi/10.3.1/../../../../arm-none-eabi/lib/thumb/v7e-m+fp/hard\libc_nano.a(lib_a-sprintf.o)
 .ARM.attributes
                0x00000000000007f7       0x17 c:/st/stm32cubeide_1.9.0/stm32cubeide/plugins/com.st.stm32cube.ide.mcu.externaltools.gnu-tools-for-stm32.10.3-2021.10.win32_1.0.0.202111181127/tools/bin/../lib/gcc/arm-none-eabi/10.3.1/../../../../arm-none-eabi/lib/thumb/v7e-m+fp/hard\libc_nano.a(lib_a-strlen.o)
 .ARM.attributes
                0x000000000000080e       0x34 c:/st/stm32cubeide_1.9.0/stm32cubeide/plugins/com.st.stm32cube.ide.mcu.externaltools.gnu-tools-for-stm32.10.3-2021.10.win32_1.0.0.202111181127/tools/bin/../lib/gcc/arm-none-eabi/10.3.1/../../../../arm-none-eabi/lib/thumb/v7e-m+fp/hard\libc_nano.a(lib_a-time.o)
 .ARM.attributes
                0x0000000000000842       0x34 c:/st/stm32cubeide_1.9.0/stm32cubeide/plugins/com.st.stm32cube.ide.mcu.externaltools.gnu-tools-for-stm32.10.3-2021.10.win32_1.0.0.202111181127/tools/bin/../lib/gcc/arm-none-eabi/10.3.1/../../../../arm-none-eabi/lib/thumb/v7e-m+fp/hard\libc_nano.a(lib_a-assert.o)
 .ARM.attributes
                0x0000000000000876       0x34 c:/st/stm32cubeide_1.9.0/stm32cubeide/plugins/com.st.stm32cube.ide.mcu.externaltools.gnu-tools-for-stm32.10.3-2021.10.win32_1.0.0.202111181127/tools/bin/../lib/gcc/arm-none-eabi/10.3.1/../../../../arm-none-eabi/lib/thumb/v7e-m+fp/hard\libc_nano.a(lib_a-fprintf.o)
 .ARM.attributes
                0x00000000000008aa       0x34 c:/st/stm32cubeide_1.9.0/stm32cubeide/plugins/com.st.stm32cube.ide.mcu.externaltools.gnu-tools-for-stm32.10.3-2021.10.win32_1.0.0.202111181127/tools/bin/../lib/gcc/arm-none-eabi/10.3.1/../../../../arm-none-eabi/lib/thumb/v7e-m+fp/hard\libc_nano.a(lib_a-gettimeofdayr.o)
 .ARM.attributes
                0x00000000000008de       0x34 c:/st/stm32cubeide_1.9.0/stm32cubeide/plugins/com.st.stm32cube.ide.mcu.externaltools.gnu-tools-for-stm32.10.3-2021.10.win32_1.0.0.202111181127/tools/bin/../lib/gcc/arm-none-eabi/10.3.1/../../../../arm-none-eabi/lib/thumb/v7e-m+fp/hard\libc_nano.a(lib_a-malloc.o)
 .ARM.attributes
                0x0000000000000912       0x34 c:/st/stm32cubeide_1.9.0/stm32cubeide/plugins/com.st.stm32cube.ide.mcu.externaltools.gnu-tools-for-stm32.10.3-2021.10.win32_1.0.0.202111181127/tools/bin/../lib/gcc/arm-none-eabi/10.3.1/../../../../arm-none-eabi/lib/thumb/v7e-m+fp/hard\libc_nano.a(lib_a-nano-freer.o)
 .ARM.attributes
                0x0000000000000946       0x34 c:/st/stm32cubeide_1.9.0/stm32cubeide/plugins/com.st.stm32cube.ide.mcu.externaltools.gnu-tools-for-stm32.10.3-2021.10.win32_1.0.0.202111181127/tools/bin/../lib/gcc/arm-none-eabi/10.3.1/../../../../arm-none-eabi/lib/thumb/v7e-m+fp/hard\libc_nano.a(lib_a-nano-mallocr.o)
 .ARM.attributes
                0x000000000000097a       0x34 c:/st/stm32cubeide_1.9.0/stm32cubeide/plugins/com.st.stm32cube.ide.mcu.externaltools.gnu-tools-for-stm32.10.3-2021.10.win32_1.0.0.202111181127/tools/bin/../lib/gcc/arm-none-eabi/10.3.1/../../../../arm-none-eabi/lib/thumb/v7e-m+fp/hard\libc_nano.a(lib_a-nano-svfprintf.o)