../Core/Src/lcd_pcd8544_ll.c:12:19:LCD_PCD8544_LL_send_data	32	static
../Core/Src/lcd_pcd8544_ll.c:21:19:LCD_PCD8544_LL_send_byte	24	static
../Core/Src/lcd_pcd8544_ll.c:31:19:LCD_PCD8544_LL_set_function_set	24	static
../Core/Src/lcd_pcd8544_ll.c:41:19:LCD_PCD8544_LL_write_data	16	static
../Core/Src/lcd_pcd8544_ll.c:52:19:LCD_PCD8544_LL_set_display_control	24	static
../Core/Src/lcd_pcd8544_ll.c:61:19:LCD_PCD8544_LL_set_Y_address_of_RAM	24	static
../Core/Src/lcd_pcd8544_ll.c:69:19:LCD_PCD8544_LL_set_X_address_of_RAM	24	static
../Core/Src/lcd_pcd8544_ll.c:77:19:LCD_PCD8544_LL_set_YX_address_of_RAM	24	static
../Core/Src/lcd_pcd8544_ll.c:92:19:LCD_PCD8544_LL_set_temperature_control	24	static
../Core/Src/lcd_pcd8544_ll.c:100:19:LCD_PCD8544_LL_set_bias_system	24	static
../Core/Src/lcd_pcd8544_ll.c:108:19:LCD_PCD8544_LL_set_VOP	24	static
../Core/Src/lcd_pcd8544_ll.c:119:6:LCD_PCD8544_LL_reset	16	static
../Core/Src/lcd_pcd8544_ll.c:126:6:LCD_PCD8544_LL_switch_to_commands_mode	16	static
../Core/Src/lcd_pcd8544_ll.c:131:6:LCD_PCD8544_LL_switch_to_data_mode	16	static
../Core/Src/lcd_pcd8544_ll.c:136:6:LCD_PCD8544_LL_begin_data_transfer	16	static
../Core/Src/lcd_pcd8544_ll.c:141:6:LCD_PCD8544_LL_end_data_transfer	16	static
