../Core/Src/LcdGraphics.c:68:6:UpdateScreenRegionsToUpdate_ClearedFrameBuffer	16	static
../Core/Src/LcdGraphics.c:76:6:gfxClearFrameBuffer	8	static
../Core/Src/LcdGraphics.c:81:6:gfxClearFrameBufferRect	80	static
../Core/Src/LcdGraphics.c:132:6:gfxPlotPixelInternal	24	static
../Core/Src/LcdGraphics.c:141:6:UpdateScreenRegionsToUpdate_SinglePixel	24	static
../Core/Src/LcdGraphics.c:159:6:gfxPlotPixel	16	static
../Core/Src/LcdGraphics.c:164:6:UpdateScreenRegionsToUpdate_FrameBufferRectCopiedToScreen	24	static
../Core/Src/LcdGraphics.c:172:6:gfxCopyAreaOfFrameBufferToScreen	32	static
../Core/Src/LcdGraphics.c:181:6:gfxDrawLineNaive	64	static
../Core/Src/LcdGraphics.c:222:6:gfxDrawLineBresenhamLow	48	static
../Core/Src/LcdGraphics.c:245:6:gfxDrawLineBresenhamHigh	48	static
../Core/Src/LcdGraphics.c:269:6:gfxDrawLine	24	static
../Core/Src/LcdGraphics.c:290:6:UpdateScreenRegionsToUpdate_LineDrawn	24	static
../Core/Src/LcdGraphics.c:308:6:gfxFinishDrawing	64	static
../Core/Src/LcdGraphics.c:342:19:gfxWriteBytes	32	static
../Core/Src/LcdGraphics.c:382:6:gfxWriteTextLineToFrameBuffer	120	static
../Core/Src/LcdGraphics.c:412:6:UpdateScreenRegionsToUpdate_TextDrawn	24	static
../Core/Src/LcdGraphics.c:422:6:gfxMidPointCircleDraw	40	static
../Core/Src/LcdGraphics.c:481:6:gfxDrawAxisAlignedRect	24	static
../Core/Src/LcdGraphics.c:490:6:ClearUpdateRegions	16	static
../Core/Src/LcdGraphics.c:501:6:ClearScreen	24	static
