../Core/Src/main.c:82:5:main	448	static
../Core/Src/main.c:231:6:SystemClock_Config	96	static
../Core/Src/main.c:278:13:MX_ADC2_Init	32	static
../Core/Src/main.c:345:13:MX_SPI1_Init	8	static
../Core/Src/main.c:385:13:MX_TIM1_Init	112	static
../Core/Src/main.c:465:13:MX_TIM2_Init	48	static
../Core/Src/main.c:513:13:MX_TIM3_Init	40	static
../Core/Src/main.c:558:13:MX_GPIO_Init	40	static
../Core/Src/main.c:603:6:HAL_TIM_PeriodElapsedCallback	16	static
../Core/Src/main.c:616:6:Error_Handler	4	static,ignoring_inline_asm
