../Core/Src/main.c:82:5:main	168	static
../Core/Src/main.c:191:6:SystemClock_Config	96	static
../Core/Src/main.c:238:13:MX_ADC2_Init	32	static
../Core/Src/main.c:305:13:MX_SPI1_Init	8	static
../Core/Src/main.c:345:13:MX_TIM1_Init	112	static
../Core/Src/main.c:425:13:MX_TIM2_Init	48	static
../Core/Src/main.c:473:13:MX_TIM3_Init	40	static
../Core/Src/main.c:518:13:MX_GPIO_Init	40	static
../Core/Src/main.c:563:6:HAL_TIM_PeriodElapsedCallback	16	static
../Core/Src/main.c:576:6:Error_Handler	4	static,ignoring_inline_asm
