../Core/Src/TetrisLevelSelectScreen.c:128:20:GetViewHighScoresStartString	4	static
../Core/Src/TetrisLevelSelectScreen.c:138:20:GetViewHighScoresEndString	4	static
../Core/Src/TetrisLevelSelectScreen.c:147:20:GetSelectLevelRowStartString	4	static
../Core/Src/TetrisLevelSelectScreen.c:156:20:GetSelectLevelRowEndString	4	static
../Core/Src/TetrisLevelSelectScreen.c:167:20:GetMusicOnOffRowStartString	4	static
../Core/Src/TetrisLevelSelectScreen.c:176:20:GetMusicOnOffEndString	4	static
../Core/Src/TetrisLevelSelectScreen.c:185:13:WriteStartLevelToFrameBuffer	40	static
../Core/Src/TetrisLevelSelectScreen.c:193:13:WriteMusicOnOffToFrameBuffer	40	static
../Core/Src/TetrisLevelSelectScreen.c:203:13:WriteViewHighScoresToFrameBuffer	32	static
../Core/Src/TetrisLevelSelectScreen.c:213:6:ChangeCurrentLevelUpOrDown	16	static
../Core/Src/TetrisLevelSelectScreen.c:230:13:IncrementBlinkTimer	16	static
../Core/Src/TetrisLevelSelectScreen.c:238:13:TogglePlayerState	8	static
../Core/Src/TetrisLevelSelectScreen.c:253:13:ChangeRowUpOrDown	16	static
../Core/Src/TetrisLevelSelectScreen.c:263:13:HandleRowLeft	8	static
../Core/Src/TetrisLevelSelectScreen.c:274:13:HandleRowRight	8	static
../Core/Src/TetrisLevelSelectScreen.c:285:28:TetrisLevelSelect_Update	32	static
../Core/Src/TetrisLevelSelectScreen.c:337:6:TetrisLevelSelect_Init	4	static
../Core/Src/TetrisLevelSelectScreen.c:341:6:TetrisLevelSelect_OnEnter	16	static
../Core/Src/TetrisLevelSelectScreen.c:355:6:TetrisLevelSelect_OnExit	16	static
