../Core/Src/TetrisLevelSelectScreen.c:61:20:GetSelectLevelRowStartString	4	static
../Core/Src/TetrisLevelSelectScreen.c:70:20:GetSelectLevelRowEndString	4	static
../Core/Src/TetrisLevelSelectScreen.c:81:20:GetMusicOnOffRowStartString	4	static
../Core/Src/TetrisLevelSelectScreen.c:90:20:GetMusicOnOffEndString	4	static
../Core/Src/TetrisLevelSelectScreen.c:99:13:WriteStartLevelToFrameBuffer	40	static
../Core/Src/TetrisLevelSelectScreen.c:107:13:WriteMusicOnOffToFrameBuffer	40	static
../Core/Src/TetrisLevelSelectScreen.c:119:6:ChangeCurrentLevelUpOrDown	16	static
../Core/Src/TetrisLevelSelectScreen.c:136:13:IncrementBlinkTimer	16	static
../Core/Src/TetrisLevelSelectScreen.c:144:13:TogglePlayerState	8	static
../Core/Src/TetrisLevelSelectScreen.c:156:13:ChangeRowUpOrDown	16	static
../Core/Src/TetrisLevelSelectScreen.c:166:13:HandleRowLeft	8	static
../Core/Src/TetrisLevelSelectScreen.c:177:13:HandleRowRight	8	static
../Core/Src/TetrisLevelSelectScreen.c:188:28:TetrisLevelSelect_Update	32	static
../Core/Src/TetrisLevelSelectScreen.c:235:6:TetrisLevelSelect_Init	4	static
../Core/Src/TetrisLevelSelectScreen.c:239:6:TetrisLevelSelect_OnEnter	16	static
../Core/Src/TetrisLevelSelectScreen.c:253:6:TetrisLevelSelect_OnExit	16	static
