../Core/Src/TetrisGame.c:44:6:Write_Flash	16	static
../Core/Src/TetrisGame.c:49:4:GetRandomNumberBetweenZeroAndSix	8	static
../Core/Src/TetrisGame.c:54:6:DrawStationaryBlock	24	static
../Core/Src/TetrisGame.c:59:6:OnLinesCleared	16	static
../Core/Src/TetrisGame.c:78:6:OnGameOver	4	static
../Core/Src/TetrisGame.c:84:6:IncrementTetrisTimer	16	static
../Core/Src/TetrisGame.c:94:6:WriteScoreToFrameBuffer	16	static
../Core/Src/TetrisGame.c:101:6:TetrisGame	40	static
../Core/Src/TetrisGame.c:153:6:TetrisGame_Init	16	static
