../Core/Src/TetrisLevelSelectScreen.c:123:20:GetSelectLevelRowStartString	4	static
../Core/Src/TetrisLevelSelectScreen.c:132:20:GetSelectLevelRowEndString	4	static
../Core/Src/TetrisLevelSelectScreen.c:143:20:GetMusicOnOffRowStartString	4	static
../Core/Src/TetrisLevelSelectScreen.c:152:20:GetMusicOnOffEndString	4	static
../Core/Src/TetrisLevelSelectScreen.c:161:13:WriteStartLevelToFrameBuffer	40	static
../Core/Src/TetrisLevelSelectScreen.c:169:13:WriteMusicOnOffToFrameBuffer	40	static
../Core/Src/TetrisLevelSelectScreen.c:181:6:ChangeCurrentLevelUpOrDown	16	static
../Core/Src/TetrisLevelSelectScreen.c:198:13:IncrementBlinkTimer	16	static
../Core/Src/TetrisLevelSelectScreen.c:206:13:TogglePlayerState	8	static
../Core/Src/TetrisLevelSelectScreen.c:221:13:ChangeRowUpOrDown	16	static
../Core/Src/TetrisLevelSelectScreen.c:231:13:HandleRowLeft	8	static
../Core/Src/TetrisLevelSelectScreen.c:242:13:HandleRowRight	8	static
../Core/Src/TetrisLevelSelectScreen.c:253:28:TetrisLevelSelect_Update	32	static
../Core/Src/TetrisLevelSelectScreen.c:300:6:TetrisLevelSelect_Init	4	static
../Core/Src/TetrisLevelSelectScreen.c:304:6:TetrisLevelSelect_OnEnter	16	static
../Core/Src/TetrisLevelSelectScreen.c:318:6:TetrisLevelSelect_OnExit	16	static
