../Core/Src/TetrisCore.c:112:25:GetStateAtXY	16	static
../Core/Src/TetrisCore.c:116:13:SetStateAtXY	16	static
../Core/Src/TetrisCore.c:128:13:Tetris_DrawCurentPiece	32	static
../Core/Src/TetrisCore.c:149:13:Tetris_DrawNextPiece	32	static
../Core/Src/TetrisCore.c:168:6:Tetris_DrawTetrisBoard	40	static
../Core/Src/TetrisCore.c:193:13:InitNewCurrentPiece	8	static
../Core/Src/TetrisCore.c:200:13:InitNewNextPiece	8	static
../Core/Src/TetrisCore.c:207:13:CopyNextPieceToCurrent	4	static
../Core/Src/TetrisCore.c:211:6:Tetris_ResetTetrisBoard	8	static
../Core/Src/TetrisCore.c:216:6:Tetris_Init	24	static
../Core/Src/TetrisCore.c:232:13:IsBlockAllowedToBeHere	16	static
../Core/Src/TetrisCore.c:248:13:WriteCurrentPieceToGameBoardArray	24	static
../Core/Src/TetrisCore.c:266:11:IsMoveValid	24	static
../Core/Src/TetrisCore.c:281:11:CheckForAndClearLines	16	static
../Core/Src/TetrisCore.c:302:6:Tetris_Rotate	8	static
../Core/Src/TetrisCore.c:317:16:Tetris_MoveDown	16	static
../Core/Src/TetrisCore.c:339:6:Tetris_MoveLeft	8	static
../Core/Src/TetrisCore.c:346:6:Tetris_MoveRight	8	static
../Core/Src/TetrisCore.c:353:6:Tetris_MoveUp	8	static
