../Core/Src/TetrisCore.c:110:18:GetStateAtXY	16	static
../Core/Src/TetrisCore.c:114:6:SetStateAtXY	16	static
../Core/Src/TetrisCore.c:126:6:Tetris_DrawCurentPiece	32	static
../Core/Src/TetrisCore.c:147:6:Tetris_DrawNextPiece	32	static
../Core/Src/TetrisCore.c:166:6:Tetris_DrawTetrisBoard	40	static
../Core/Src/TetrisCore.c:191:6:InitNewCurrentPiece	8	static
../Core/Src/TetrisCore.c:198:6:InitNewNextPiece	8	static
../Core/Src/TetrisCore.c:205:6:CopyNextPieceToCurrent	4	static
../Core/Src/TetrisCore.c:209:6:ResetBoard	8	static
../Core/Src/TetrisCore.c:214:6:Tetris_Init	24	static
../Core/Src/TetrisCore.c:230:6:IsBlockAllowedToBeHere	16	static
../Core/Src/TetrisCore.c:246:6:WriteCurrentPieceToGameBoardArray	24	static
../Core/Src/TetrisCore.c:264:4:IsMoveValid	24	static
../Core/Src/TetrisCore.c:279:4:CheckForAndClearLines	16	static
../Core/Src/TetrisCore.c:300:6:Tetris_Rotate	8	static
../Core/Src/TetrisCore.c:315:16:Tetris_MoveDown	16	static
../Core/Src/TetrisCore.c:337:6:Tetris_MoveLeft	8	static
../Core/Src/TetrisCore.c:344:6:Tetris_MoveRight	8	static
../Core/Src/TetrisCore.c:351:6:Tetris_MoveUp	8	static
