../Core/Src/TetrisGame.c:79:11:GetRandomNumberBetweenZeroAndSix	8	static
../Core/Src/TetrisGame.c:84:13:DrawStationaryBlock	24	static
../Core/Src/TetrisGame.c:89:13:WriteLevelToFrameBuffer	24	static
../Core/Src/TetrisGame.c:96:13:SetLevel	16	static
../Core/Src/TetrisGame.c:103:13:OnLinesCleared	16	static
../Core/Src/TetrisGame.c:126:13:OnGameOver	4	static
../Core/Src/TetrisGame.c:130:13:IncrementTetrisTimer	16	static
../Core/Src/TetrisGame.c:140:13:WriteScoreToFrameBuffer	16	static
../Core/Src/TetrisGame.c:148:13:UpdateTetrisGame	32	static
../Core/Src/TetrisGame.c:178:13:DrawTetrisGame	8	static
../Core/Src/TetrisGame.c:204:13:InitCurrentLevelTetrisScores	4	static
../Core/Src/TetrisGame.c:244:28:CheckForHighScore	8	static
../Core/Src/TetrisGame.c:255:28:TetrisGame_Update	16	static
../Core/Src/TetrisGame.c:266:6:TetrisGame_Init	16	static
../Core/Src/TetrisGame.c:276:6:TetrisGame_OnEnter	16	static
../Core/Src/TetrisGame.c:291:6:TetrisGame_OnExit	16	static
