../Core/Src/TetrisCore.c:118:25:GetStateAtXY	16	static
../Core/Src/TetrisCore.c:122:13:SetStateAtXY	16	static
../Core/Src/TetrisCore.c:134:13:Tetris_DrawCurentPiece	32	static
../Core/Src/TetrisCore.c:155:13:Tetris_DrawNextPiece	32	static
../Core/Src/TetrisCore.c:174:6:Tetris_DrawTetrisBoard	40	static
../Core/Src/TetrisCore.c:199:13:InitNewCurrentPiece	8	static
../Core/Src/TetrisCore.c:206:13:InitNewNextPiece	8	static
../Core/Src/TetrisCore.c:213:13:CopyNextPieceToCurrent	4	static
../Core/Src/TetrisCore.c:217:6:Tetris_ResetTetrisBoard	8	static
../Core/Src/TetrisCore.c:222:6:Tetris_Init	24	static
../Core/Src/TetrisCore.c:238:13:IsBlockAllowedToBeHere	16	static
../Core/Src/TetrisCore.c:254:13:WriteCurrentPieceToGameBoardArray	24	static
../Core/Src/TetrisCore.c:272:11:IsMoveValid	24	static
../Core/Src/TetrisCore.c:287:11:CheckForAndClearLines	16	static
../Core/Src/TetrisCore.c:308:6:Tetris_Rotate	8	static
../Core/Src/TetrisCore.c:323:16:Tetris_MoveDown	16	static
../Core/Src/TetrisCore.c:345:6:Tetris_MoveLeft	8	static
../Core/Src/TetrisCore.c:352:6:Tetris_MoveRight	8	static
../Core/Src/TetrisCore.c:359:6:Tetris_MoveUp	8	static
